Microchip MPLAB XC8 Compiler V2.40

Linker command line:

-W-3 --edf=/opt/microchip/xc8/v2.40/pic/dat/20220703182018_en.msgs -cn \
  -h+dist/default/production/desespera.production.sym \
  --cmf=dist/default/production/desespera.production.cmf -z -Q18F47Q10 \
  -o/tmp/xcXfMILBH --defsym=__MPLAB_BUILD=1 --fixupoverflow=error \
  -Mdist/default/production/desespera.production.map \
  --md=/tmp/xcXHFLKeE.dat -E1 -ver=XC8 Compiler --acfsm=1493 \
  -ACODE=00h-01FFFFh -ACONST=00h-01FFFFh -ASMALLCONST=01000h-010FFhx496 \
  -AMEDIUMCONST=01000h-0FFFFh,011000h-01FFFFh -ACOMRAM=01h-05Fh \
  -AABS1=00h-0CFFh,0E00h-0E1Eh -ABIGRAM=01h-0CFFh,0E00h-0E1Eh \
  -ARAM=060h-0FFh,0100h-01FFhx12,0E00h-0E1Eh -ABANK0=060h-0FFh \
  -ABANK1=0100h-01FFh -ABANK2=0200h-02FFh -ABANK3=0300h-03FFh \
  -ABANK4=0400h-04FFh -ABANK5=0500h-05FFh -ABANK6=0600h-06FFh \
  -ABANK7=0700h-07FFh -ABANK8=0800h-08FFh -ABANK9=0900h-09FFh \
  -ABANK10=0A00h-0AFFh -ABANK11=0B00h-0BFFh -ABANK12=0C00h-0CFFh \
  -ABANK14=0E00h-0E1Eh \
  -ASFR=0D00h-0DFFh,0E1Fh-0EFFh,0F00h-0F5Fh,0F60h-0FFFh \
  -ABIGSFR=0D00h-0DFFh,0E1Fh-0FFFh -AIDLOC=0200000h-02000FFh \
  -AEEDATA=0310000h-03103FFh -peeprom_data=EEDATA \
  -preset_vec=00h,intcode=08h,intcodelo,powerup,init -pramtop=01000h \
  -psmallconst=SMALLCONST -pmediumconst=MEDIUMCONST -pconst=CONST \
  -AFARRAM=00h-00h \
  -prdata=COMRAM,nvrram=COMRAM,nvbit=COMRAM,rbss=COMRAM,rbit=COMRAM \
  -pfarbss=FARRAM,fardata=FARRAM,nvFARRAM=FARRAM \
  -pintsave_regs=BIGRAM,bigbss=BIGRAM,bigdata=BIGRAM -pbss=RAM \
  -pidata=CODE,irdata=CODE,ibigdata=CODE,ifardata=CODE -prparam=COMRAM \
  /tmp/xcXDPhAEc.o dist/default/production/desespera.production.o \
  build/default/production/config.o \
  build/default/production/interrupt_handler.o \
  build/default/production/pass_variable_between_C_and_ASM.o 

Object code version is 3.11

Machine type is 18F47Q10



                Name                               Link     Load   Length Selector   Space Scale
/tmp/xcXDPhAEc.o
                idloc                            200000   200000      100        0       5
                config                           300000   300000        C        0       4
                init                                 24       24        4        4       0
                reset_vec                             0        0        4        0       0
dist/default/production/desespera.production.o
                idloc                            200000   200000      100        0       5
                config                           300000   300000        C        0       4
                text11                             19C4     19C4       14        4       0
                text10                             1976     1976       26        4       0
                text9                              157A     157A       C2        4       0
                text8                              1946     1946       30        4       0
                text7                                28       28      D96        4       0
                text6                              19B0     19B0       14        4       0
                text5                              1824     1824       8A        4       0
                text4                              13D8     13D8      1A2        4       0
                text3                              18AE     18AE       50        4       0
                text2                              179A     179A       8A        4       0
                text1                               DBE      DBE      61A        4       0
                text0                              199C     199C       14        4       0
                cstackCOMRAM                         2E       2E       12        1       1
                cstackBANK0                          60       60       61       60       1
                cstackBANK1                         1B4      1B4       48      100       1
                bssBANK3                            300      300      100      300       1
                dataBANK2                           224      224        C      200       1
                bssBANK2                            200      200       24      200       1
                dataBANK1                           16C      16C       48      100       1
                bssBANK1                            100      100       6C      100       1
                bssBANK0                             C1       C1       3A       60       1
                dataCOMRAM                           40       40        A        1       1
                bssCOMRAM                             1        1       2D        1       1
                cinit                              16EC     16EC       AE        4       0
                idataBANK2                         19E8     19E8        C        4       0
                idataBANK1                         18FE     18FE       48        4       0
                idataCOMRAM                        19F4     19F4        A        4       0
build/default/production/config.o
                config                           300000   300000        C        0       4
                text0                              163C     163C       B0        4       0
build/default/production/interrupt_handler.o
                intcode                               8        8       1C        4       0
build/default/production/pass_variable_between_C_and_ASM.o
                text3                              19D8     19D8       10        4       0

TOTAL           Name                               Link     Load   Length     Space
        CLASS   CODE           
                intcode                               8        8       1C         0
                init                                 24       24        4         0
                reset_vec                             0        0        4         0
                text11                             19C4     19C4       14         0
                text10                             1976     1976       26         0
                text9                              157A     157A       C2         0
                text8                              1946     1946       30         0
                text7                                28       28      D96         0
                text6                              19B0     19B0       14         0
                text5                              1824     1824       8A         0
                text4                              13D8     13D8      1A2         0
                text3                              18AE     18AE       50         0
                text2                              179A     179A       8A         0
                text1                               DBE      DBE      61A         0
                text0                              199C     199C       14         0
                cinit                              16EC     16EC       AE         0
                idataBANK2                         19E8     19E8        C         0
                idataBANK1                         18FE     18FE       48         0
                idataCOMRAM                        19F4     19F4        A         0
                text0                              163C     163C       B0         0
                text3                              19D8     19D8       10         0

        CLASS   CONST          

        CLASS   SMALLCONST     

        CLASS   MEDIUMCONST    

        CLASS   COMRAM         
                cstackCOMRAM                         2E       2E       12         1
                dataCOMRAM                           40       40        A         1
                bssCOMRAM                             1        1       2D         1

        CLASS   ABS1           

        CLASS   BIGRAM         

        CLASS   RAM            

        CLASS   BANK0          
                cstackBANK0                          60       60       61         1
                bssBANK0                             C1       C1       3A         1

        CLASS   BANK1          
                cstackBANK1                         1B4      1B4       48         1
                dataBANK1                           16C      16C       48         1
                bssBANK1                            100      100       6C         1

        CLASS   BANK2          
                dataBANK2                           224      224        C         1
                bssBANK2                            200      200       24         1

        CLASS   BANK3          
                bssBANK3                            300      300      100         1

        CLASS   BANK4          

        CLASS   BANK5          

        CLASS   BANK6          

        CLASS   BANK7          

        CLASS   BANK8          

        CLASS   BANK9          

        CLASS   BANK10         

        CLASS   BANK11         

        CLASS   BANK12         

        CLASS   BANK14         

        CLASS   SFR            

        CLASS   BIGSFR         

        CLASS   IDLOC          
                idloc                            200000   200000      100         5

        CLASS   EEDATA         

        CLASS   FARRAM         

        CLASS   HEAP           

        CLASS   STACK          

        CLASS   CONFIG         
                config                           300000   300000        C         4



SEGMENTS        Name                           Load    Length   Top    Selector   Space  Class

                reset_vec                      000000  000004  000004         0       0  CODE    
                bssBANK3                       000300  000100  000400       300       1  BANK3   
                bssBANK2                       000200  000030  000230       200       1  BANK2   
                bssBANK1                       000100  0000FC  0001FC       100       1  BANK1   
                cstackBANK0                    000060  00009B  0000FB        60       1  BANK0   
                intcode                        000008  0019F6  0019FE         4       0  CODE    
                bssCOMRAM                      000001  000049  00004A         1       1  COMRAM  


UNUSED ADDRESS RANGES

        Name                Unused          Largest block    Delta
        BANK0            0000FB-0000FF                5
        BANK1            0001FC-0001FF                4
        BANK10           000A00-000AFF              100
        BANK11           000B00-000BFF              100
        BANK12           000C00-000CFF              100
        BANK14           000E00-000E1E               1F
        BANK2            000230-0002FF               D0
        BANK4            000400-0004FF              100
        BANK5            000500-0005FF              100
        BANK6            000600-0006FF              100
        BANK7            000700-0007FF              100
        BANK8            000800-0008FF              100
        BANK9            000900-0009FF              100
        BIGRAM           00004A-00005F               16
                         0000FB-0000FF                5
                         0001FC-0001FF                4
                         000230-0002FF               D0
                         000400-000CFF              900
                         000E00-000E1E               1F
        BIGSFR           000D00-000DFF              100
                         000E1F-000FFF              1E1
        CODE             000004-000007                4
                         0019FE-01FFFF            1E602
        COMRAM           00004A-00005F               16
        CONST            000004-000007                4
                         0019FE-01FFFF            1E602
        EEDATA           310000-3103FF              400
        MEDIUMCONST      0019FE-00FFFF             E602
                         011000-01FFFF             F000
        RAM              0000FB-0000FF                5
                         0001FC-0001FF                4
                         000230-0002FF               D0
                         000400-000CFF              100
                         000E00-000E1E               1F
        SFR              000D00-000DFF              100
                         000E1F-000FFF               E1
        SMALLCONST       0019FE-01FFFF              100

                                  Symbol Table

_ADCON0bits                      (abs)        000F5B
_ADPCH                           (abs)        000F5A
_ADRESH                          (abs)        000F5F
_Identify_NCAP_cmd               text4        0013D8
_LATAbits                        (abs)        000F82
_METATED                         bssBANK0     0000E5
_PIR1bits                        (abs)        000EC6
_PIR3bits                        (abs)        000EC8
_RC1IF                           (abs)        007645
_RC1REG                          (abs)        000F98
_TCTEDS1                         bssBANK0     0000C1
_TCTEDS2                         bssBANK1     000148
_TCTEDS3                         bssBANK1     000124
_TCTEDS4                         bssCOMRAM    00000A
_TCTEDS5                         bssBANK1     000100
_TCTEDS6                         bssBANK2     000200
_TX1REG                          (abs)        000F99
__HRAM                           (abs)        000000
__Habs1                          abs1         000000
__Hbank0                         bank0        000000
__Hbank1                         bank1        000000
__Hbank10                        bank10       000000
__Hbank11                        bank11       000000
__Hbank12                        bank12       000000
__Hbank14                        bank14       000000
__Hbank2                         bank2        000000
__Hbank3                         bank3        000000
__Hbank4                         bank4        000000
__Hbank5                         bank5        000000
__Hbank6                         bank6        000000
__Hbank7                         bank7        000000
__Hbank8                         bank8        000000
__Hbank9                         bank9        000000
__Hbigbss                        bigbss       000000
__Hbigdata                       bigdata      000000
__Hbigram                        bigram       000000
__Hbigsfr                        bigsfr       000000
__Hbss                           bss          000000
__HbssBANK0                      bssBANK0     000000
__HbssBANK1                      bssBANK1     000000
__HbssBANK2                      bssBANK2     000000
__HbssBANK3                      bssBANK3     000000
__HbssCOMRAM                     bssCOMRAM    000000
__Hcinit                         cinit        000000
__Hclrtext                       clrtext      000000
__Hcode                          code         000000
__Hcomram                        comram       000000
__Hconfig                        config       30000C
__Hconst                         const        000000
__HcstackBANK0                   cstackBANK0  000000
__HcstackBANK1                   cstackBANK1  000000
__HcstackCOMRAM                  cstackCOMRAM 000000
__Hdata                          data         000000
__HdataBANK1                     dataBANK1    000000
__HdataBANK2                     dataBANK2    000000
__HdataCOMRAM                    dataCOMRAM   000000
__Hedata                         edata        000000
__Heeprom_data                   eeprom_data  000000
__Hfarbss                        farbss       000000
__Hfardata                       fardata      000000
__Hheap                          heap         000000
__Hibigdata                      ibigdata     000000
__Hidata                         idata        000000
__HidataBANK1                    idataBANK1   000000
__HidataBANK2                    idataBANK2   000000
__HidataCOMRAM                   idataCOMRAM  000000
__Hidloc                         idloc        200100
__Hifardata                      ifardata     000000
__Hinit                          init         000028
__Hintcode                       intcode      000024
__Hintcode_body                  intcode_body 000000
__Hintcodelo                     intcodelo    000024
__Hintentry                      intentry     000000
__Hintret                        intret       000000
__Hintsave_regs                  intsave_regs 000000
__Hirdata                        irdata       000000
__Hmediumconst                   mediumconst  000000
__HnvFARRAM                      nvFARRAM     000000
__Hnvbit                         nvbit        000000
__Hnvrram                        nvrram       000000
__Hparam                         rparam       000000
__Hpowerup                       powerup      000024
__Hram                           ram          000000
__Hramtop                        ramtop       001000
__Hrbit                          rbit         000000
__Hrbss                          rbss         000000
__Hrdata                         rdata        000000
__Hreset_vec                     reset_vec    000004
__Hrparam                        rparam       000000
__Hsfr                           sfr          000000
__Hsmallconst                    smallconst   000000
__Hspace_0                       (abs)        0019FE
__Hspace_1                       (abs)        000400
__Hspace_2                       (abs)        000000
__Hspace_3                       (abs)        000000
__Hspace_4                       (abs)        60000C
__Hstack                         stack        000000
__Hstruct                        struct       000000
__Htemp                          temp         000000
__Htext                          text         000000
__Htext0                         text0        000000
__Htext1                         text1        000000
__Htext10                        text10       000000
__Htext11                        text11       000000
__Htext2                         text2        000000
__Htext3                         text3        000000
__Htext4                         text4        000000
__Htext5                         text5        000000
__Htext6                         text6        000000
__Htext7                         text7        000000
__Htext8                         text8        000000
__Htext9                         text9        000000
__Hudata                         udata        000000
__Hudata_acs                     udata_acs    000000
__Hudata_bank0                   udata_bank0  000000
__Hudata_bank1                   udata_bank1  000000
__Hudata_bank10                  udata_bank10 000000
__Hudata_bank11                  udata_bank11 000000
__Hudata_bank12                  udata_bank12 000000
__Hudata_bank14                  udata_bank14 000000
__Hudata_bank2                   udata_bank2  000000
__Hudata_bank3                   udata_bank3  000000
__Hudata_bank4                   udata_bank4  000000
__Hudata_bank5                   udata_bank5  000000
__Hudata_bank6                   udata_bank6  000000
__Hudata_bank7                   udata_bank7  000000
__Hudata_bank8                   udata_bank8  000000
__Hudata_bank9                   udata_bank9  000000
__LRAM                           (abs)        000001
__Labs1                          abs1         000000
__Lbank0                         bank0        000000
__Lbank1                         bank1        000000
__Lbank10                        bank10       000000
__Lbank11                        bank11       000000
__Lbank12                        bank12       000000
__Lbank14                        bank14       000000
__Lbank2                         bank2        000000
__Lbank3                         bank3        000000
__Lbank4                         bank4        000000
__Lbank5                         bank5        000000
__Lbank6                         bank6        000000
__Lbank7                         bank7        000000
__Lbank8                         bank8        000000
__Lbank9                         bank9        000000
__Lbigbss                        bigbss       000000
__Lbigdata                       bigdata      000000
__Lbigram                        bigram       000000
__Lbigsfr                        bigsfr       000000
__Lbss                           bss          000000
__LbssBANK0                      bssBANK0     000000
__LbssBANK1                      bssBANK1     000000
__LbssBANK2                      bssBANK2     000000
__LbssBANK3                      bssBANK3     000000
__LbssCOMRAM                     bssCOMRAM    000000
__Lcinit                         cinit        000000
__Lclrtext                       clrtext      000000
__Lcode                          code         000000
__Lcomram                        comram       000000
__Lconfig                        config       000000
__Lconst                         const        000000
__LcstackBANK0                   cstackBANK0  000000
__LcstackBANK1                   cstackBANK1  000000
__LcstackCOMRAM                  cstackCOMRAM 000000
__Ldata                          data         000000
__LdataBANK1                     dataBANK1    000000
__LdataBANK2                     dataBANK2    000000
__LdataCOMRAM                    dataCOMRAM   000000
__Ledata                         edata        000000
__Leeprom_data                   eeprom_data  000000
__Lfarbss                        farbss       000000
__Lfardata                       fardata      000000
__Lheap                          heap         000000
__Libigdata                      ibigdata     000000
__Lidata                         idata        000000
__LidataBANK1                    idataBANK1   000000
__LidataBANK2                    idataBANK2   000000
__LidataCOMRAM                   idataCOMRAM  000000
__Lidloc                         idloc        000000
__Lifardata                      ifardata     000000
__Linit                          init         000024
__Lintcode                       intcode      000008
__Lintcode_body                  intcode_body 000000
__Lintcodelo                     intcodelo    000024
__Lintentry                      intentry     000000
__Lintret                        intret       000000
__Lintsave_regs                  intsave_regs 000000
__Lirdata                        irdata       000000
__Lmediumconst                   mediumconst  000000
__LnvFARRAM                      nvFARRAM     000000
__Lnvbit                         nvbit        000000
__Lnvrram                        nvrram       000000
__Lparam                         rparam       000000
__Lpowerup                       powerup      000024
__Lram                           ram          000000
__Lramtop                        ramtop       001000
__Lrbit                          rbit         000000
__Lrbss                          rbss         000000
__Lrdata                         rdata        000000
__Lreset_vec                     reset_vec    000000
__Lrparam                        rparam       000000
__Lsfr                           sfr          000000
__Lsmallconst                    smallconst   000000
__Lspace_0                       (abs)        000000
__Lspace_1                       (abs)        000000
__Lspace_2                       (abs)        000000
__Lspace_3                       (abs)        000000
__Lspace_4                       (abs)        000000
__Lstack                         stack        000000
__Lstruct                        struct       000000
__Ltemp                          temp         000000
__Ltext                          text         000000
__Ltext0                         text0        000000
__Ltext1                         text1        000000
__Ltext10                        text10       000000
__Ltext11                        text11       000000
__Ltext2                         text2        000000
__Ltext3                         text3        000000
__Ltext4                         text4        000000
__Ltext5                         text5        000000
__Ltext6                         text6        000000
__Ltext7                         text7        000000
__Ltext8                         text8        000000
__Ltext9                         text9        000000
__Ludata                         udata        000000
__Ludata_acs                     udata_acs    000000
__Ludata_bank0                   udata_bank0  000000
__Ludata_bank1                   udata_bank1  000000
__Ludata_bank10                  udata_bank10 000000
__Ludata_bank11                  udata_bank11 000000
__Ludata_bank12                  udata_bank12 000000
__Ludata_bank14                  udata_bank14 000000
__Ludata_bank2                   udata_bank2  000000
__Ludata_bank3                   udata_bank3  000000
__Ludata_bank4                   udata_bank4  000000
__Ludata_bank5                   udata_bank5  000000
__Ludata_bank6                   udata_bank6  000000
__Ludata_bank7                   udata_bank7  000000
__Ludata_bank8                   udata_bank8  000000
__Ludata_bank9                   udata_bank9  000000
__S0                             (abs)        0019FE
__S1                             (abs)        000400
__S3                             (abs)        000000
__S5                             (abs)        000000
___heap_hi                       (abs)        000000
___heap_lo                       (abs)        000000
___inthi_sp                      stack        000000
___intlo_sp                      stack        000000
___param_bank                    (abs)        000000
___rparam_used                   (abs)        000001
___sp                            stack        000000
__accesstop                      (abs)        000060
__activetblptr                   (abs)        000000
__end_of_Identify_NCAP_cmd       text4        00157A
__end_of__initialization         cinit        001794
__end_of_define_METATEDS         text2        001824
__end_of_define_TCTEDS           text1        0013D8
__end_of_get_char                text11       0019D8
__end_of_main                    text0        0019B0
__end_of_memcpy                  text3        0018FE
__end_of_putch                   text10       00199C
__end_of_send_METATEDS           text9        00163C
__end_of_send_TCTEDS             text7        000DBE
__end_of_send_error              text8        001976
__end_of_send_success            text6        0019C4
__end_of_send_values             text5        0018AE
__initialization                 cinit        0016EC
__mediumconst                    mediumconst  000000
__pbssBANK0                      bssBANK0     0000C1
__pbssBANK1                      bssBANK1     000100
__pbssBANK2                      bssBANK2     000200
__pbssBANK3                      bssBANK3     000300
__pbssCOMRAM                     bssCOMRAM    000001
__pcinit                         cinit        0016EC
__pcstackBANK0                   cstackBANK0  000060
__pcstackBANK1                   cstackBANK1  0001B4
__pcstackCOMRAM                  cstackCOMRAM 00002E
__pdataBANK1                     dataBANK1    00016C
__pdataBANK2                     dataBANK2    000224
__pdataCOMRAM                    dataCOMRAM   000040
__pidataBANK1                    idataBANK1   0018FE
__pidataBANK2                    idataBANK2   0019E8
__pidataCOMRAM                   idataCOMRAM  0019F4
__ptext0                         text0        00199C
__ptext1                         text1        000DBE
__ptext10                        text10       001976
__ptext11                        text11       0019C4
__ptext2                         text2        00179A
__ptext3                         text3        0018AE
__ptext4                         text4        0013D8
__ptext5                         text5        001824
__ptext6                         text6        0019B0
__ptext7                         text7        000028
__ptext8                         text8        001946
__ptext9                         text9        00157A
__ramtop                         ramtop       001000
__smallconst                     smallconst   000000
_aux_buffer                      bssBANK3     000300
_aux_buffer_idx                  bssCOMRAM    000007
_config                          text0        00163C
_define_METATEDS                 text2        00179A
_define_TCTEDS                   text1        000DBE
_get_char                        text11       0019C4
_int_handler                     intcode      000008
_main                            text0        00199C
_main_buffer                     bssCOMRAM    000001
_main_buffer_idx                 bssCOMRAM    000008
_memcpy                          text3        0018AE
_pass_variable_between_C_and_ASM text3        0019D8
_putch                           text10       001976
_send_METATEDS                   text9        00157A
_send_TCTEDS                     text7        000028
_send_error                      text8        001946
_send_success                    text6        0019B0
_send_values                     text5        001824
_var_global                      bssCOMRAM    000009
define_METATEDS@F13278           dataCOMRAM   000040
define_METATEDS@F13280           dataBANK1    000178
define_METATEDS@F13282           dataCOMRAM   000046
define_METATEDS@array1           cstackBANK1  0001C0
define_METATEDS@array2           cstackBANK1  0001B4
define_METATEDS@array3           cstackBANK1  0001C6
define_TCTEDS@F13285             dataBANK1    00018A
define_TCTEDS@F13287             dataBANK1    0001B1
define_TCTEDS@F13289             dataBANK1    00016C
define_TCTEDS@F13291             dataBANK1    0001AE
define_TCTEDS@F13293             dataBANK1    0001AB
define_TCTEDS@F13295             dataBANK1    0001A8
define_TCTEDS@F13297             dataBANK1    0001A5
define_TCTEDS@F13299             dataBANK1    0001A2
define_TCTEDS@F13301             dataBANK1    000184
define_TCTEDS@F13303             dataBANK1    00019F
define_TCTEDS@F13305             dataBANK2    000224
define_TCTEDS@F13307             dataBANK1    00019C
define_TCTEDS@F13309             dataBANK1    000199
define_TCTEDS@F13311             dataBANK1    000196
define_TCTEDS@F13313             dataBANK1    000193
define_TCTEDS@F13315             dataBANK1    000190
define_TCTEDS@array1             cstackBANK1  0001CC
define_TCTEDS@array14            cstackBANK1  0001D2
define_TCTEDS@array2             cstackBANK1  0001D8
define_TCTEDS@array24            cstackBANK1  0001EA
define_TCTEDS@array3             cstackBANK1  0001B4
define_TCTEDS@array34            cstackBANK1  0001C0
define_TCTEDS@array4             cstackBANK1  0001DB
define_TCTEDS@array44            cstackBANK1  0001ED
define_TCTEDS@array5             cstackBANK1  0001DE
define_TCTEDS@array54            cstackBANK1  0001F0
define_TCTEDS@array6             cstackBANK1  0001E1
define_TCTEDS@array64            cstackBANK1  0001F3
define_TCTEDS@array7             cstackBANK1  0001E4
define_TCTEDS@array74            cstackBANK1  0001F6
define_TCTEDS@array8             cstackBANK1  0001E7
define_TCTEDS@array84            cstackBANK1  0001F9
end_of_initialization            cinit        001794
intlevel0                        text         000000
intlevel1                        text         000000
intlevel2                        text         000000
intlevel3                        text         000000
isa$std                          (abs)        000001
isa$xinst                        (abs)        000000
memcpy@d                         cstackCOMRAM 00003C
memcpy@d1                        cstackCOMRAM 000035
memcpy@n                         cstackCOMRAM 000039
memcpy@s                         cstackCOMRAM 00003E
memcpy@s1                        cstackCOMRAM 000037
memcpy@tmp                       cstackCOMRAM 00003B
putch@byte                       cstackCOMRAM 00002E
send_METATEDS@i                  cstackCOMRAM 00002F
send_METATEDS@j                  cstackCOMRAM 000031
send_METATEDS@k                  cstackCOMRAM 000033
send_TCTEDS@channel              cstackBANK0  0000C0
send_TCTEDS@i                    cstackBANK0  000060
send_TCTEDS@i_319                cstackBANK0  000062
send_TCTEDS@i_320                cstackBANK0  000064
send_TCTEDS@i_321                cstackBANK0  000066
send_TCTEDS@i_322                cstackBANK0  000068
send_TCTEDS@i_323                cstackBANK0  00006A
send_TCTEDS@i_324                cstackBANK0  00006C
send_TCTEDS@i_325                cstackBANK0  00006E
send_TCTEDS@i_326                cstackBANK0  000070
send_TCTEDS@i_327                cstackBANK0  000072
send_TCTEDS@i_328                cstackBANK0  000074
send_TCTEDS@i_329                cstackBANK0  000076
send_TCTEDS@i_330                cstackBANK0  000078
send_TCTEDS@i_331                cstackBANK0  00007A
send_TCTEDS@i_332                cstackBANK0  00007C
send_TCTEDS@i_333                cstackBANK0  00007E
send_TCTEDS@i_334                cstackBANK0  000080
send_TCTEDS@i_335                cstackBANK0  000082
send_TCTEDS@i_336                cstackBANK0  000084
send_TCTEDS@i_337                cstackBANK0  000086
send_TCTEDS@i_338                cstackBANK0  000088
send_TCTEDS@i_339                cstackBANK0  00008A
send_TCTEDS@i_340                cstackBANK0  00008C
send_TCTEDS@i_341                cstackBANK0  00008E
send_TCTEDS@i_342                cstackBANK0  000090
send_TCTEDS@i_343                cstackBANK0  000092
send_TCTEDS@i_344                cstackBANK0  000094
send_TCTEDS@i_345                cstackBANK0  000096
send_TCTEDS@i_346                cstackBANK0  000098
send_TCTEDS@i_347                cstackBANK0  00009A
send_TCTEDS@i_348                cstackBANK0  00009C
send_TCTEDS@i_349                cstackBANK0  00009E
send_TCTEDS@i_350                cstackBANK0  0000A0
send_TCTEDS@i_351                cstackBANK0  0000A2
send_TCTEDS@i_352                cstackBANK0  0000A4
send_TCTEDS@i_353                cstackBANK0  0000A6
send_TCTEDS@i_354                cstackBANK0  0000A8
send_TCTEDS@i_355                cstackBANK0  0000AA
send_TCTEDS@i_356                cstackBANK0  0000AC
send_TCTEDS@i_357                cstackBANK0  0000AE
send_TCTEDS@i_358                cstackBANK0  0000B0
send_TCTEDS@i_359                cstackBANK0  0000B2
send_TCTEDS@i_360                cstackBANK0  0000B4
send_TCTEDS@i_361                cstackBANK0  0000B6
send_TCTEDS@i_362                cstackBANK0  0000B8
send_TCTEDS@i_363                cstackBANK0  0000BA
send_TCTEDS@i_364                cstackBANK0  0000BC
send_TCTEDS@i_365                cstackBANK0  0000BE
send_error@i                     cstackCOMRAM 00002F
send_success@length              cstackCOMRAM 00002F
send_values@channel              cstackCOMRAM 000031
stackhi                          (abs)        000000
stacklo                          (abs)        000000
start                            init         000024
start_initialization             cinit        0016EC


MODULE INFORMATION

Module		Function		Class		Link	Load	Size
/opt/microchip/xc8/v2.40/pic/sources/c99/common/memcpy.c
		_memcpy        		CODE           	18AE	0000	80

/opt/microchip/xc8/v2.40/pic/sources/c99/common/memcpy.c estimated size: 80

shared
		__initialization		CODE           	16EC	0000	168

shared estimated size: 168

main.c
		_get_char      		CODE           	19C4	0000	20
		_send_TCTEDS   		CODE           	0028	0000	3478
		_define_METATEDS		CODE           	179A	0000	138
		_putch         		CODE           	1976	0000	38
		_Identify_NCAP_cmd		CODE           	13D8	0000	418
		_send_METATEDS 		CODE           	157A	0000	194
		_send_success  		CODE           	19B0	0000	20
		_main          		CODE           	199C	0000	20
		_send_error    		CODE           	1946	0000	48
		_send_values   		CODE           	1824	0000	138
		_define_TCTEDS 		CODE           	0DBE	0000	1562

main.c estimated size: 6074

