Microchip MPLAB XC8 Compiler V2.40

Linker command line:

-W-3 --edf=/opt/microchip/xc8/v2.40/pic/dat/20220703182018_en.msgs -cn \
  -h+dist/default/production/Codigo_Exemplo_Funcional.production.sym \
  --cmf=dist/default/production/Codigo_Exemplo_Funcional.production.cmf -z \
  -Q18F47Q10 -o/tmp/xcXFMKoIA --defsym=__MPLAB_BUILD=1 \
  --fixupoverflow=error \
  -Mdist/default/production/Codigo_Exemplo_Funcional.production.map \
  --md=/tmp/xcXmhlPgD.dat -E1 -ver=XC8 Compiler --acfsm=1493 \
  -ACODE=00h-01FFFFh -ACONST=00h-01FFFFh -ASMALLCONST=01000h-010FFhx496 \
  -AMEDIUMCONST=01000h-0FFFFh,011000h-01FFFFh -ACOMRAM=01h-05Fh \
  -AABS1=00h-0CFFh,0E00h-0E1Eh -ABIGRAM=01h-0CFFh,0E00h-0E1Eh \
  -ARAM=060h-0FFh,0100h-01FFhx12,0E00h-0E1Eh -ABANK0=060h-0FFh \
  -ABANK1=0100h-01FFh -ABANK2=0200h-02FFh -ABANK3=0300h-03FFh \
  -ABANK4=0400h-04FFh -ABANK5=0500h-05FFh -ABANK6=0600h-06FFh \
  -ABANK7=0700h-07FFh -ABANK8=0800h-08FFh -ABANK9=0900h-09FFh \
  -ABANK10=0A00h-0AFFh -ABANK11=0B00h-0BFFh -ABANK12=0C00h-0CFFh \
  -ABANK14=0E00h-0E1Eh \
  -ASFR=0D00h-0DFFh,0E1Fh-0EFFh,0F00h-0F5Fh,0F60h-0FFFh \
  -ABIGSFR=0D00h-0DFFh,0E1Fh-0FFFh -AIDLOC=0200000h-02000FFh \
  -AEEDATA=0310000h-03103FFh -peeprom_data=EEDATA \
  -preset_vec=00h,intcode=08h,intcodelo,powerup,init -pramtop=01000h \
  -psmallconst=SMALLCONST -pmediumconst=MEDIUMCONST -pconst=CONST \
  -AFARRAM=00h-00h \
  -prdata=COMRAM,nvrram=COMRAM,nvbit=COMRAM,rbss=COMRAM,rbit=COMRAM \
  -pfarbss=FARRAM,fardata=FARRAM,nvFARRAM=FARRAM \
  -pintsave_regs=BIGRAM,bigbss=BIGRAM,bigdata=BIGRAM -pbss=RAM \
  -pidata=CODE,irdata=CODE,ibigdata=CODE,ifardata=CODE -pparam0=BANK0 \
  /tmp/xcXkEffei.o \
  dist/default/production/Codigo_Exemplo_Funcional.production.o \
  build/default/production/config.o \
  build/default/production/interrupt_handler.o \
  build/default/production/pass_variable_between_C_and_ASM.o 

Object code version is 3.11

Machine type is 18F47Q10



                Name                               Link     Load   Length Selector   Space Scale
/tmp/xcXkEffei.o
                idloc                            200000   200000      100        0       5
                config                           300000   300000        C        0       4
                init                                 42       42        4        4       0
                reset_vec                             0        0        4        0       0
dist/default/production/Codigo_Exemplo_Funcional.production.o
                idloc                            200000   200000      100        0       5
                config                           300000   300000        C        0       4
                smallconst                         1000     1000       36      800       0
                text14                             15F4     15F4        6      81B       0
                text13                             15D2     15D2       12      81B       0
                text12                             1596     1596       26      81B       0
                text11                             1256     1256       9E      81B       0
                text10                             15BC     15BC       16      81B       0
                text9                              1376     1376       80      81B       0
                text8                              14A8     14A8       4E      81B       0
                text7                              1570     1570       26      81B       0
                text6                              1036     1036       CA      81B       0
                text5                              1548     1548       28      81B       0
                text4                              11B6     11B6       A0      81B       0
                text3                              12F4     12F4       82      81B       0
                text2                              1456     1456       52      81B       0
                text1                              1520     1520       28      81B       0
                text0                              13F6     13F6       60      81B       0
                cstackCOMRAM                         23       23       1C        1       1
                cstackBANK0                          60       60       2F       60       1
                bssBANK0                             8F       8F        7       60       1
                bssCOMRAM                             1        1       22        1       1
                cinit                              14F6     14F6       2A      81B       0
build/default/production/config.o
                config                           300000   300000        C        0       4
                text0                              1100     1100       B6      81B       0
build/default/production/interrupt_handler.o
                intcode                               8        8       3A        4       0
build/default/production/pass_variable_between_C_and_ASM.o
                text3                              15E4     15E4       10      81B       0

TOTAL           Name                               Link     Load   Length     Space
        CLASS   CODE           
                intcode                               8        8       3A         0
                init                                 42       42        4         0
                reset_vec                             0        0        4         0
                text14                             15F4     15F4        6         0
                text13                             15D2     15D2       12         0
                text12                             1596     1596       26         0
                text11                             1256     1256       9E         0
                text10                             15BC     15BC       16         0
                text9                              1376     1376       80         0
                text8                              14A8     14A8       4E         0
                text7                              1570     1570       26         0
                text6                              1036     1036       CA         0
                text5                              1548     1548       28         0
                text4                              11B6     11B6       A0         0
                text3                              12F4     12F4       82         0
                text2                              1456     1456       52         0
                text1                              1520     1520       28         0
                text0                              13F6     13F6       60         0
                cinit                              14F6     14F6       2A         0
                text0                              1100     1100       B6         0
                text3                              15E4     15E4       10         0

        CLASS   CONST          

        CLASS   SMALLCONST     
                smallconst                         1000     1000       36         0

        CLASS   MEDIUMCONST    

        CLASS   COMRAM         
                cstackCOMRAM                         23       23       1C         1
                bssCOMRAM                             1        1       22         1

        CLASS   ABS1           

        CLASS   BIGRAM         

        CLASS   RAM            

        CLASS   BANK0          
                cstackBANK0                          60       60       2F         1
                bssBANK0                             8F       8F        7         1

        CLASS   BANK1          

        CLASS   BANK2          

        CLASS   BANK3          

        CLASS   BANK4          

        CLASS   BANK5          

        CLASS   BANK6          

        CLASS   BANK7          

        CLASS   BANK8          

        CLASS   BANK9          

        CLASS   BANK10         

        CLASS   BANK11         

        CLASS   BANK12         

        CLASS   BANK14         

        CLASS   SFR            

        CLASS   BIGSFR         

        CLASS   IDLOC          
                idloc                            200000   200000      100         5

        CLASS   EEDATA         

        CLASS   FARRAM         

        CLASS   HEAP           

        CLASS   STACK          

        CLASS   CONFIG         
                config                           300000   300000        C         4



SEGMENTS        Name                           Load    Length   Top    Selector   Space  Class

                cstackBANK0                    000060  000036  000096        60       1  BANK0   
                text6                          001036  0005C4  0015FA       81B       0  CODE    
                reset_vec                      000000  000004  000004         0       0  CODE    
                smallconst                     001000  000036  001036       800       0  SMALLCON
                intcode                        000008  00003E  000046         4       0  CODE    
                bssCOMRAM                      000001  00003E  00003F         1       1  COMRAM  


UNUSED ADDRESS RANGES

        Name                Unused          Largest block    Delta
        BANK0            000096-0000FF               6A
        BANK1            000100-0001FF              100
        BANK10           000A00-000AFF              100
        BANK11           000B00-000BFF              100
        BANK12           000C00-000CFF              100
        BANK14           000E00-000E1E               1F
        BANK2            000200-0002FF              100
        BANK3            000300-0003FF              100
        BANK4            000400-0004FF              100
        BANK5            000500-0005FF              100
        BANK6            000600-0006FF              100
        BANK7            000700-0007FF              100
        BANK8            000800-0008FF              100
        BANK9            000900-0009FF              100
        BIGRAM           00003F-00005F               21
                         000096-000CFF              C6A
                         000E00-000E1E               1F
        BIGSFR           000D00-000DFF              100
                         000E1F-000FFF              1E1
        CODE             000004-000007                4
                         000046-000FFF              FBA
                         0015FA-01FFFF            1EA06
        COMRAM           00003F-00005F               21
        CONST            000004-000007                4
                         000046-000FFF              FBA
                         0015FA-01FFFF            1EA06
        EEDATA           310000-3103FF              400
        MEDIUMCONST      0015FA-00FFFF             EA06
                         011000-01FFFF             F000
        RAM              000096-000CFF              100
                         000E00-000E1E               1F
        SFR              000D00-000DFF              100
                         000E1F-000FFF               E1
        SMALLCONST       0015FA-01FFFF              100

                                  Symbol Table

?_fputc                          cstackBANK0  00006F
?_printf                         cstackBANK0  000086
?_vfprintf                       cstackBANK0  00007E
?i1_fputc                        cstackCOMRAM 00003B
?i1_printf                       cstackCOMRAM 000036
?i1_vfprintf                     cstackCOMRAM 00002E
_ADPCH                           (abs)        000F5A
_PIR3bits                        (abs)        000EC8
_RC1REG                          (abs)        000F98
_TX1REG                          (abs)        000F99
__HRAM                           (abs)        000000
__Habs1                          abs1         000000
__Hbank0                         bank0        000000
__Hbank1                         bank1        000000
__Hbank10                        bank10       000000
__Hbank11                        bank11       000000
__Hbank12                        bank12       000000
__Hbank14                        bank14       000000
__Hbank2                         bank2        000000
__Hbank3                         bank3        000000
__Hbank4                         bank4        000000
__Hbank5                         bank5        000000
__Hbank6                         bank6        000000
__Hbank7                         bank7        000000
__Hbank8                         bank8        000000
__Hbank9                         bank9        000000
__Hbigbss                        bigbss       000000
__Hbigdata                       bigdata      000000
__Hbigram                        bigram       000000
__Hbigsfr                        bigsfr       000000
__Hbss                           bss          000000
__HbssBANK0                      bssBANK0     000000
__HbssCOMRAM                     bssCOMRAM    000000
__Hcinit                         cinit        000000
__Hclrtext                       clrtext      000000
__Hcode                          code         000000
__Hcomram                        comram       000000
__Hconfig                        config       30000C
__Hconst                         const        000000
__HcstackBANK0                   cstackBANK0  000000
__HcstackCOMRAM                  cstackCOMRAM 000000
__Hdata                          data         000000
__Hedata                         edata        000000
__Heeprom_data                   eeprom_data  000000
__Hfarbss                        farbss       000000
__Hfardata                       fardata      000000
__Hheap                          heap         000000
__Hibigdata                      ibigdata     000000
__Hidata                         idata        000000
__Hidloc                         idloc        200100
__Hifardata                      ifardata     000000
__Hinit                          init         000046
__Hintcode                       intcode      000042
__Hintcode_body                  intcode_body 000000
__Hintcodelo                     intcodelo    000042
__Hintentry                      intentry     000000
__Hintret                        intret       000000
__Hintsave_regs                  intsave_regs 000000
__Hirdata                        irdata       000000
__Hmediumconst                   mediumconst  000000
__HnvFARRAM                      nvFARRAM     000000
__Hnvbit                         nvbit        000000
__Hnvrram                        nvrram       000000
__Hparam                         param0       000000
__Hparam0                        param0       000000
__Hpowerup                       powerup      000042
__Hram                           ram          000000
__Hramtop                        ramtop       001000
__Hrbit                          rbit         000000
__Hrbss                          rbss         000000
__Hrdata                         rdata        000000
__Hreset_vec                     reset_vec    000004
__Hsfr                           sfr          000000
__Hsmallconst                    smallconst   001036
__Hspace_0                       (abs)        0015FA
__Hspace_1                       (abs)        000096
__Hspace_2                       (abs)        000000
__Hspace_3                       (abs)        000000
__Hspace_4                       (abs)        60000C
__Hstack                         stack        000000
__Hstruct                        struct       000000
__Htemp                          temp         000000
__Htext                          text         000000
__Htext0                         text0        000000
__Htext1                         text1        000000
__Htext10                        text10       000000
__Htext11                        text11       000000
__Htext12                        text12       000000
__Htext13                        text13       000000
__Htext14                        text14       000000
__Htext2                         text2        000000
__Htext3                         text3        000000
__Htext4                         text4        000000
__Htext5                         text5        000000
__Htext6                         text6        000000
__Htext7                         text7        000000
__Htext8                         text8        000000
__Htext9                         text9        000000
__Hudata                         udata        000000
__Hudata_acs                     udata_acs    000000
__Hudata_bank0                   udata_bank0  000000
__Hudata_bank1                   udata_bank1  000000
__Hudata_bank10                  udata_bank10 000000
__Hudata_bank11                  udata_bank11 000000
__Hudata_bank12                  udata_bank12 000000
__Hudata_bank14                  udata_bank14 000000
__Hudata_bank2                   udata_bank2  000000
__Hudata_bank3                   udata_bank3  000000
__Hudata_bank4                   udata_bank4  000000
__Hudata_bank5                   udata_bank5  000000
__Hudata_bank6                   udata_bank6  000000
__Hudata_bank7                   udata_bank7  000000
__Hudata_bank8                   udata_bank8  000000
__Hudata_bank9                   udata_bank9  000000
__LRAM                           (abs)        000001
__Labs1                          abs1         000000
__Lbank0                         bank0        000000
__Lbank1                         bank1        000000
__Lbank10                        bank10       000000
__Lbank11                        bank11       000000
__Lbank12                        bank12       000000
__Lbank14                        bank14       000000
__Lbank2                         bank2        000000
__Lbank3                         bank3        000000
__Lbank4                         bank4        000000
__Lbank5                         bank5        000000
__Lbank6                         bank6        000000
__Lbank7                         bank7        000000
__Lbank8                         bank8        000000
__Lbank9                         bank9        000000
__Lbigbss                        bigbss       000000
__Lbigdata                       bigdata      000000
__Lbigram                        bigram       000000
__Lbigsfr                        bigsfr       000000
__Lbss                           bss          000000
__LbssBANK0                      bssBANK0     000000
__LbssCOMRAM                     bssCOMRAM    000000
__Lcinit                         cinit        000000
__Lclrtext                       clrtext      000000
__Lcode                          code         000000
__Lcomram                        comram       000000
__Lconfig                        config       000000
__Lconst                         const        000000
__LcstackBANK0                   cstackBANK0  000000
__LcstackCOMRAM                  cstackCOMRAM 000000
__Ldata                          data         000000
__Ledata                         edata        000000
__Leeprom_data                   eeprom_data  000000
__Lfarbss                        farbss       000000
__Lfardata                       fardata      000000
__Lheap                          heap         000000
__Libigdata                      ibigdata     000000
__Lidata                         idata        000000
__Lidloc                         idloc        000000
__Lifardata                      ifardata     000000
__Linit                          init         000042
__Lintcode                       intcode      000008
__Lintcode_body                  intcode_body 000000
__Lintcodelo                     intcodelo    000042
__Lintentry                      intentry     000000
__Lintret                        intret       000000
__Lintsave_regs                  intsave_regs 000000
__Lirdata                        irdata       000000
__Lmediumconst                   mediumconst  000000
__LnvFARRAM                      nvFARRAM     000000
__Lnvbit                         nvbit        000000
__Lnvrram                        nvrram       000000
__Lparam                         param0       000000
__Lparam0                        param0       000000
__Lpowerup                       powerup      000042
__Lram                           ram          000000
__Lramtop                        ramtop       001000
__Lrbit                          rbit         000000
__Lrbss                          rbss         000000
__Lrdata                         rdata        000000
__Lreset_vec                     reset_vec    000000
__Lsfr                           sfr          000000
__Lsmallconst                    smallconst   001000
__Lspace_0                       (abs)        000000
__Lspace_1                       (abs)        000000
__Lspace_2                       (abs)        000000
__Lspace_3                       (abs)        000000
__Lspace_4                       (abs)        000000
__Lstack                         stack        000000
__Lstruct                        struct       000000
__Ltemp                          temp         000000
__Ltext                          text         000000
__Ltext0                         text0        000000
__Ltext1                         text1        000000
__Ltext10                        text10       000000
__Ltext11                        text11       000000
__Ltext12                        text12       000000
__Ltext13                        text13       000000
__Ltext14                        text14       000000
__Ltext2                         text2        000000
__Ltext3                         text3        000000
__Ltext4                         text4        000000
__Ltext5                         text5        000000
__Ltext6                         text6        000000
__Ltext7                         text7        000000
__Ltext8                         text8        000000
__Ltext9                         text9        000000
__Ludata                         udata        000000
__Ludata_acs                     udata_acs    000000
__Ludata_bank0                   udata_bank0  000000
__Ludata_bank1                   udata_bank1  000000
__Ludata_bank10                  udata_bank10 000000
__Ludata_bank11                  udata_bank11 000000
__Ludata_bank12                  udata_bank12 000000
__Ludata_bank14                  udata_bank14 000000
__Ludata_bank2                   udata_bank2  000000
__Ludata_bank3                   udata_bank3  000000
__Ludata_bank4                   udata_bank4  000000
__Ludata_bank5                   udata_bank5  000000
__Ludata_bank6                   udata_bank6  000000
__Ludata_bank7                   udata_bank7  000000
__Ludata_bank8                   udata_bank8  000000
__Ludata_bank9                   udata_bank9  000000
__S0                             (abs)        0015FA
__S1                             (abs)        000096
__S3                             (abs)        000000
__S5                             (abs)        000000
___heap_hi                       (abs)        000000
___heap_lo                       (abs)        000000
___inthi_sp                      stack        000000
___intlo_sp                      stack        000000
___param_bank                    (abs)        000000
___rparam_used                   (abs)        000000
___sp                            stack        000000
__accesstop                      (abs)        000060
__activetblptr                   (abs)        000001
__end_of__initialization         cinit        001512
__end_of_envia_bit               text13       0015E4
__end_of_fputc                   text4        001256
__end_of_getch                   text14       0015FA
__end_of_main                    text0        001456
__end_of_printf                  text1        001548
__end_of_putch                   text5        001570
__end_of_putchar                 text10       0015D2
__end_of_show_adc_result         text6        001100
__end_of_vfpfcnvrt               text3        001376
__end_of_vfprintf                text2        0014A8
__end_ofi1_fputc                 text11       0012F4
__end_ofi1_printf                text7        001596
__end_ofi1_putch                 text12       0015BC
__end_ofi1_vfpfcnvrt             text9        0013F6
__end_ofi1_vfprintf              text8        0014F6
__initialization                 cinit        0014F6
__mediumconst                    mediumconst  000000
__pbssBANK0                      bssBANK0     00008F
__pbssCOMRAM                     bssCOMRAM    000001
__pcinit                         cinit        0014F6
__pcstackBANK0                   cstackBANK0  000060
__pcstackCOMRAM                  cstackCOMRAM 000023
__psmallconst                    smallconst   001000
__ptext0                         text0        0013F6
__ptext1                         text1        001520
__ptext10                        text10       0015BC
__ptext11                        text11       001256
__ptext12                        text12       001596
__ptext13                        text13       0015D2
__ptext14                        text14       0015F4
__ptext2                         text2        001456
__ptext3                         text3        0012F4
__ptext4                         text4        0011B6
__ptext5                         text5        001548
__ptext6                         text6        001036
__ptext7                         text7        001570
__ptext8                         text8        0014A8
__ptext9                         text9        001376
__ramtop                         ramtop       001000
__smallconst                     smallconst   001000
_adc_result                      bssCOMRAM    000021
_comutar                         bssCOMRAM    000022
_config                          text0        001100
_envia_bit                       text13       0015D2
_flags                           bssBANK0     000093
_fputc                           text4        0011B6
_get_char                        bssBANK0     000094
_getch                           text14       0015F4
_int_handler                     intcode      000008
_main                            text0        0013F6
_pass_variable_between_C_and_ASM text3        0015E4
_prec                            bssBANK0     000091
_printf                          text1        001520
_putch                           text5        001548
_putchar                         text10       0015BC
_show_adc_result                 text6        001036
_var_global                      bssBANK0     000095
_vfpfcnvrt                       text3        0012F4
_vfprintf                        text2        001456
_width                           bssBANK0     00008F
end_of_initialization            cinit        001512
fputc@c                          cstackBANK0  00006F
fputc@fp                         cstackBANK0  000071
i1_fputc                         text11       001256
i1_printf                        text7        001570
i1_putch                         text12       001596
i1_vfpfcnvrt                     text9        001376
i1_vfprintf                      text8        0014A8
i1fputc@c                        cstackCOMRAM 00003B
i1fputc@fp                       cstackCOMRAM 00003D
i1printf@ap                      cstackCOMRAM 000038
i1printf@fmt                     cstackCOMRAM 000036
i1putch@byte                     cstackCOMRAM 00003A
i1vfpfcnvrt@ap                   cstackCOMRAM 00002C
i1vfpfcnvrt@fmt                  cstackCOMRAM 00002A
i1vfpfcnvrt@fp                   cstackCOMRAM 000028
i1vfprintf@ap                    cstackCOMRAM 000032
i1vfprintf@cfmt                  cstackCOMRAM 000034
i1vfprintf@fmt                   cstackCOMRAM 000030
i1vfprintf@fp                    cstackCOMRAM 00002E
intlevel0                        text         000000
intlevel1                        text         000000
intlevel2                        text         000000
intlevel3                        text         000000
isa$std                          (abs)        000001
isa$xinst                        (abs)        000000
main@j                           cstackBANK0  00008C
main@result                      cstackBANK0  00008E
printf@ap                        cstackBANK0  000088
printf@fmt                       cstackBANK0  000086
putch@byte                       cstackBANK0  00006E
putchar@c                        cstackBANK0  00006C
stackhi                          (abs)        000000
stacklo                          (abs)        000000
start                            init         000042
start_initialization             cinit        0014F6
vfpfcnvrt@ap                     cstackBANK0  00007C
vfpfcnvrt@fmt                    cstackBANK0  00007A
vfpfcnvrt@fp                     cstackBANK0  000078
vfprintf@ap                      cstackBANK0  000082
vfprintf@cfmt                    cstackBANK0  000084
vfprintf@fmt                     cstackBANK0  000080
vfprintf@fp                      cstackBANK0  00007E


MODULE INFORMATION

Module		Function		Class		Link	Load	Size
/opt/microchip/xc8/v2.40/pic/sources/c99/common/putchar.c
		_putchar       		CODE           	15BC	0000	22

/opt/microchip/xc8/v2.40/pic/sources/c99/common/putchar.c estimated size: 22

/opt/microchip/xc8/v2.40/pic/sources/c99/common/doprnt.c
		_vfpfcnvrt     		CODE           	12F4	0000	130
		_vfprintf      		CODE           	1456	0000	82

/opt/microchip/xc8/v2.40/pic/sources/c99/common/doprnt.c estimated size: 212

shared
		i1_printf      		CODE           	1570	0000	38
		i1_vfpfcnvrt   		CODE           	1376	0000	128
		i1_putch       		CODE           	1596	0000	38
		i1_vfprintf    		CODE           	14A8	0000	78
		__initialization		CODE           	14F6	0000	28
		i1_fputc       		CODE           	1256	0000	158

shared estimated size: 468

/opt/microchip/xc8/v2.40/pic/sources/c99/common/nf_fputc.c
		_fputc         		CODE           	11B6	0000	160

/opt/microchip/xc8/v2.40/pic/sources/c99/common/nf_fputc.c estimated size: 160

/opt/microchip/xc8/v2.40/pic/sources/c99/common/printf.c
		_printf        		CODE           	1520	0000	40

/opt/microchip/xc8/v2.40/pic/sources/c99/common/printf.c estimated size: 40

main.c
		_putch         		CODE           	1548	0000	40
		_main          		CODE           	13F6	0000	96
		_envia_bit     		CODE           	15D2	0000	18
		_show_adc_result		CODE           	1036	0000	202
		_getch         		CODE           	15F4	0000	6

main.c estimated size: 362

