Microchip MPLAB XC8 Compiler V2.40

Linker command line:

-W-3 --edf=/opt/microchip/xc8/v2.40/pic/dat/20220703182018_en.msgs -cn \
  -h+dist/default/production/Eco_evaluation.production.sym \
  --cmf=dist/default/production/Eco_evaluation.production.cmf -z -Q18F47Q10 \
  -o/tmp/xcXEEabbA --defsym=__MPLAB_BUILD=1 --fixupoverflow=error \
  -Mdist/default/production/Eco_evaluation.production.map \
  --md=/tmp/xcXGmImfo.dat -E1 -ver=XC8 Compiler --acfsm=1493 \
  -ACODE=00h-01FFFFh -ACONST=00h-01FFFFh -ASMALLCONST=01000h-010FFhx496 \
  -AMEDIUMCONST=01000h-0FFFFh,011000h-01FFFFh -ACOMRAM=01h-05Fh \
  -AABS1=00h-0CFFh,0E00h-0E1Eh -ABIGRAM=01h-0CFFh,0E00h-0E1Eh \
  -ARAM=060h-0FFh,0100h-01FFhx12,0E00h-0E1Eh -ABANK0=060h-0FFh \
  -ABANK1=0100h-01FFh -ABANK2=0200h-02FFh -ABANK3=0300h-03FFh \
  -ABANK4=0400h-04FFh -ABANK5=0500h-05FFh -ABANK6=0600h-06FFh \
  -ABANK7=0700h-07FFh -ABANK8=0800h-08FFh -ABANK9=0900h-09FFh \
  -ABANK10=0A00h-0AFFh -ABANK11=0B00h-0BFFh -ABANK12=0C00h-0CFFh \
  -ABANK14=0E00h-0E1Eh \
  -ASFR=0D00h-0DFFh,0E1Fh-0EFFh,0F00h-0F5Fh,0F60h-0FFFh \
  -ABIGSFR=0D00h-0DFFh,0E1Fh-0FFFh -AIDLOC=0200000h-02000FFh \
  -AEEDATA=0310000h-03103FFh -peeprom_data=EEDATA \
  -preset_vec=00h,intcode=08h,intcodelo,powerup,init -pramtop=01000h \
  -psmallconst=SMALLCONST -pmediumconst=MEDIUMCONST -pconst=CONST \
  -AFARRAM=00h-00h \
  -prdata=COMRAM,nvrram=COMRAM,nvbit=COMRAM,rbss=COMRAM,rbit=COMRAM \
  -pfarbss=FARRAM,fardata=FARRAM,nvFARRAM=FARRAM \
  -pintsave_regs=BIGRAM,bigbss=BIGRAM,bigdata=BIGRAM -pbss=RAM \
  -pidata=CODE,irdata=CODE,ibigdata=CODE,ifardata=CODE -prparam=COMRAM \
  /tmp/xcXlDOmdd.o dist/default/production/Eco_evaluation.production.o \
  build/default/production/config.o \
  build/default/production/interrupt_handler.o \
  build/default/production/pass_variable_between_C_and_ASM.o 

Object code version is 3.11

Machine type is 18F47Q10



                Name                               Link     Load   Length Selector   Space Scale
/tmp/xcXlDOmdd.o
                idloc                            200000   200000      100        0       5
                config                           300000   300000        C        0       4
                init                                 3E       3E        4        4       0
                reset_vec                             0        0        4        0       0
dist/default/production/Eco_evaluation.production.o
                idloc                            200000   200000      100        0       5
                config                           300000   300000        C        0       4
                smallconst                         1000     1000       36      800       0
                text13                             15CA     15CA        6      81B       0
                text12                             157E     157E       26      81B       0
                text11                             124C     124C       9C      81B       0
                text10                             15A4     15A4       16      81B       0
                text9                              1366     1366       7E      81B       0
                text8                              1494     1494       4E      81B       0
                text7                              1558     1558       26      81B       0
                text6                              1036     1036       C4      81B       0
                text5                              1532     1532       26      81B       0
                text4                              11B0     11B0       9C      81B       0
                text3                              12E8     12E8       7E      81B       0
                text2                              1446     1446       4E      81B       0
                text1                              150C     150C       26      81B       0
                text0                              13E4     13E4       62      81B       0
                cstackCOMRAM                          1        1       3A        1       1
                cstackBANK0                          80       80        3       60       1
                bssBANK0                             60       60       20       60       1
                bssCOMRAM                            3B       3B        9        1       1
                cinit                              14E2     14E2       2A      81B       0
build/default/production/config.o
                config                           300000   300000        C        0       4
                text0                              10FA     10FA       B6      81B       0
build/default/production/interrupt_handler.o
                intcode                               8        8       36        4       0
build/default/production/pass_variable_between_C_and_ASM.o
                text3                              15BA     15BA       10      81B       0

TOTAL           Name                               Link     Load   Length     Space
        CLASS   CODE           
                intcode                               8        8       36         0
                init                                 3E       3E        4         0
                reset_vec                             0        0        4         0
                text13                             15CA     15CA        6         0
                text12                             157E     157E       26         0
                text11                             124C     124C       9C         0
                text10                             15A4     15A4       16         0
                text9                              1366     1366       7E         0
                text8                              1494     1494       4E         0
                text7                              1558     1558       26         0
                text6                              1036     1036       C4         0
                text5                              1532     1532       26         0
                text4                              11B0     11B0       9C         0
                text3                              12E8     12E8       7E         0
                text2                              1446     1446       4E         0
                text1                              150C     150C       26         0
                text0                              13E4     13E4       62         0
                cinit                              14E2     14E2       2A         0
                text0                              10FA     10FA       B6         0
                text3                              15BA     15BA       10         0

        CLASS   CONST          

        CLASS   SMALLCONST     
                smallconst                         1000     1000       36         0

        CLASS   MEDIUMCONST    

        CLASS   COMRAM         
                cstackCOMRAM                          1        1       3A         1
                bssCOMRAM                            3B       3B        9         1

        CLASS   ABS1           

        CLASS   BIGRAM         

        CLASS   RAM            

        CLASS   BANK0          
                cstackBANK0                          80       80        3         1
                bssBANK0                             60       60       20         1

        CLASS   BANK1          

        CLASS   BANK2          

        CLASS   BANK3          

        CLASS   BANK4          

        CLASS   BANK5          

        CLASS   BANK6          

        CLASS   BANK7          

        CLASS   BANK8          

        CLASS   BANK9          

        CLASS   BANK10         

        CLASS   BANK11         

        CLASS   BANK12         

        CLASS   BANK14         

        CLASS   SFR            

        CLASS   BIGSFR         

        CLASS   IDLOC          
                idloc                            200000   200000      100         5

        CLASS   EEDATA         

        CLASS   FARRAM         

        CLASS   HEAP           

        CLASS   STACK          

        CLASS   CONFIG         
                config                           300000   300000        C         4



SEGMENTS        Name                           Load    Length   Top    Selector   Space  Class

                text6                          001036  00059A  0015D0       81B       0  CODE    
                reset_vec                      000000  000004  000004         0       0  CODE    
                smallconst                     001000  000036  001036       800       0  SMALLCON
                intcode                        000008  00003A  000042         4       0  CODE    
                cstackCOMRAM                   000001  000043  000044         1       1  COMRAM  
                bssBANK0                       000060  000023  000083        60       1  BANK0   


UNUSED ADDRESS RANGES

        Name                Unused          Largest block    Delta
        BANK0            000083-0000FF               7D
        BANK1            000100-0001FF              100
        BANK10           000A00-000AFF              100
        BANK11           000B00-000BFF              100
        BANK12           000C00-000CFF              100
        BANK14           000E00-000E1E               1F
        BANK2            000200-0002FF              100
        BANK3            000300-0003FF              100
        BANK4            000400-0004FF              100
        BANK5            000500-0005FF              100
        BANK6            000600-0006FF              100
        BANK7            000700-0007FF              100
        BANK8            000800-0008FF              100
        BANK9            000900-0009FF              100
        BIGRAM           000044-00005F               1C
                         000083-000CFF              C7D
                         000E00-000E1E               1F
        BIGSFR           000D00-000DFF              100
                         000E1F-000FFF              1E1
        CODE             000004-000007                4
                         000042-000FFF              FBE
                         0015D0-01FFFF            1EA30
        COMRAM           000044-00005F               1C
        CONST            000004-000007                4
                         000042-000FFF              FBE
                         0015D0-01FFFF            1EA30
        EEDATA           310000-3103FF              400
        MEDIUMCONST      0015D0-00FFFF             EA30
                         011000-01FFFF             F000
        RAM              000083-000CFF              100
                         000E00-000E1E               1F
        SFR              000D00-000DFF              100
                         000E1F-000FFF               E1
        SMALLCONST       0015D0-01FFFF              100

                                  Symbol Table

?_fputc                          cstackCOMRAM 00001E
?_printf                         cstackCOMRAM 000035
?_vfprintf                       cstackCOMRAM 00002D
?i1_fputc                        cstackCOMRAM 000002
?i1_printf                       cstackCOMRAM 000019
?i1_vfprintf                     cstackCOMRAM 000011
_ADPCH                           (abs)        000F5A
_PIR3bits                        (abs)        000EC8
_RC1REG                          (abs)        000F98
_TX1REG                          (abs)        000F99
__HRAM                           (abs)        000000
__Habs1                          abs1         000000
__Hbank0                         bank0        000000
__Hbank1                         bank1        000000
__Hbank10                        bank10       000000
__Hbank11                        bank11       000000
__Hbank12                        bank12       000000
__Hbank14                        bank14       000000
__Hbank2                         bank2        000000
__Hbank3                         bank3        000000
__Hbank4                         bank4        000000
__Hbank5                         bank5        000000
__Hbank6                         bank6        000000
__Hbank7                         bank7        000000
__Hbank8                         bank8        000000
__Hbank9                         bank9        000000
__Hbigbss                        bigbss       000000
__Hbigdata                       bigdata      000000
__Hbigram                        bigram       000000
__Hbigsfr                        bigsfr       000000
__Hbss                           bss          000000
__HbssBANK0                      bssBANK0     000000
__HbssCOMRAM                     bssCOMRAM    000000
__Hcinit                         cinit        000000
__Hclrtext                       clrtext      000000
__Hcode                          code         000000
__Hcomram                        comram       000000
__Hconfig                        config       30000C
__Hconst                         const        000000
__HcstackBANK0                   cstackBANK0  000000
__HcstackCOMRAM                  cstackCOMRAM 000000
__Hdata                          data         000000
__Hedata                         edata        000000
__Heeprom_data                   eeprom_data  000000
__Hfarbss                        farbss       000000
__Hfardata                       fardata      000000
__Hheap                          heap         000000
__Hibigdata                      ibigdata     000000
__Hidata                         idata        000000
__Hidloc                         idloc        200100
__Hifardata                      ifardata     000000
__Hinit                          init         000042
__Hintcode                       intcode      00003E
__Hintcode_body                  intcode_body 000000
__Hintcodelo                     intcodelo    00003E
__Hintentry                      intentry     000000
__Hintret                        intret       000000
__Hintsave_regs                  intsave_regs 000000
__Hirdata                        irdata       000000
__Hmediumconst                   mediumconst  000000
__HnvFARRAM                      nvFARRAM     000000
__Hnvbit                         nvbit        000000
__Hnvrram                        nvrram       000000
__Hparam                         rparam       000000
__Hpowerup                       powerup      00003E
__Hram                           ram          000000
__Hramtop                        ramtop       001000
__Hrbit                          rbit         000000
__Hrbss                          rbss         000000
__Hrdata                         rdata        000000
__Hreset_vec                     reset_vec    000004
__Hrparam                        rparam       000000
__Hsfr                           sfr          000000
__Hsmallconst                    smallconst   001036
__Hspace_0                       (abs)        0015D0
__Hspace_1                       (abs)        000083
__Hspace_2                       (abs)        000000
__Hspace_3                       (abs)        000000
__Hspace_4                       (abs)        60000C
__Hstack                         stack        000000
__Hstruct                        struct       000000
__Htemp                          temp         000000
__Htext                          text         000000
__Htext0                         text0        000000
__Htext1                         text1        000000
__Htext10                        text10       000000
__Htext11                        text11       000000
__Htext12                        text12       000000
__Htext13                        text13       000000
__Htext2                         text2        000000
__Htext3                         text3        000000
__Htext4                         text4        000000
__Htext5                         text5        000000
__Htext6                         text6        000000
__Htext7                         text7        000000
__Htext8                         text8        000000
__Htext9                         text9        000000
__Hudata                         udata        000000
__Hudata_acs                     udata_acs    000000
__Hudata_bank0                   udata_bank0  000000
__Hudata_bank1                   udata_bank1  000000
__Hudata_bank10                  udata_bank10 000000
__Hudata_bank11                  udata_bank11 000000
__Hudata_bank12                  udata_bank12 000000
__Hudata_bank14                  udata_bank14 000000
__Hudata_bank2                   udata_bank2  000000
__Hudata_bank3                   udata_bank3  000000
__Hudata_bank4                   udata_bank4  000000
__Hudata_bank5                   udata_bank5  000000
__Hudata_bank6                   udata_bank6  000000
__Hudata_bank7                   udata_bank7  000000
__Hudata_bank8                   udata_bank8  000000
__Hudata_bank9                   udata_bank9  000000
__LRAM                           (abs)        000001
__Labs1                          abs1         000000
__Lbank0                         bank0        000000
__Lbank1                         bank1        000000
__Lbank10                        bank10       000000
__Lbank11                        bank11       000000
__Lbank12                        bank12       000000
__Lbank14                        bank14       000000
__Lbank2                         bank2        000000
__Lbank3                         bank3        000000
__Lbank4                         bank4        000000
__Lbank5                         bank5        000000
__Lbank6                         bank6        000000
__Lbank7                         bank7        000000
__Lbank8                         bank8        000000
__Lbank9                         bank9        000000
__Lbigbss                        bigbss       000000
__Lbigdata                       bigdata      000000
__Lbigram                        bigram       000000
__Lbigsfr                        bigsfr       000000
__Lbss                           bss          000000
__LbssBANK0                      bssBANK0     000000
__LbssCOMRAM                     bssCOMRAM    000000
__Lcinit                         cinit        000000
__Lclrtext                       clrtext      000000
__Lcode                          code         000000
__Lcomram                        comram       000000
__Lconfig                        config       000000
__Lconst                         const        000000
__LcstackBANK0                   cstackBANK0  000000
__LcstackCOMRAM                  cstackCOMRAM 000000
__Ldata                          data         000000
__Ledata                         edata        000000
__Leeprom_data                   eeprom_data  000000
__Lfarbss                        farbss       000000
__Lfardata                       fardata      000000
__Lheap                          heap         000000
__Libigdata                      ibigdata     000000
__Lidata                         idata        000000
__Lidloc                         idloc        000000
__Lifardata                      ifardata     000000
__Linit                          init         00003E
__Lintcode                       intcode      000008
__Lintcode_body                  intcode_body 000000
__Lintcodelo                     intcodelo    00003E
__Lintentry                      intentry     000000
__Lintret                        intret       000000
__Lintsave_regs                  intsave_regs 000000
__Lirdata                        irdata       000000
__Lmediumconst                   mediumconst  000000
__LnvFARRAM                      nvFARRAM     000000
__Lnvbit                         nvbit        000000
__Lnvrram                        nvrram       000000
__Lparam                         rparam       000000
__Lpowerup                       powerup      00003E
__Lram                           ram          000000
__Lramtop                        ramtop       001000
__Lrbit                          rbit         000000
__Lrbss                          rbss         000000
__Lrdata                         rdata        000000
__Lreset_vec                     reset_vec    000000
__Lrparam                        rparam       000000
__Lsfr                           sfr          000000
__Lsmallconst                    smallconst   001000
__Lspace_0                       (abs)        000000
__Lspace_1                       (abs)        000000
__Lspace_2                       (abs)        000000
__Lspace_3                       (abs)        000000
__Lspace_4                       (abs)        000000
__Lstack                         stack        000000
__Lstruct                        struct       000000
__Ltemp                          temp         000000
__Ltext                          text         000000
__Ltext0                         text0        000000
__Ltext1                         text1        000000
__Ltext10                        text10       000000
__Ltext11                        text11       000000
__Ltext12                        text12       000000
__Ltext13                        text13       000000
__Ltext2                         text2        000000
__Ltext3                         text3        000000
__Ltext4                         text4        000000
__Ltext5                         text5        000000
__Ltext6                         text6        000000
__Ltext7                         text7        000000
__Ltext8                         text8        000000
__Ltext9                         text9        000000
__Ludata                         udata        000000
__Ludata_acs                     udata_acs    000000
__Ludata_bank0                   udata_bank0  000000
__Ludata_bank1                   udata_bank1  000000
__Ludata_bank10                  udata_bank10 000000
__Ludata_bank11                  udata_bank11 000000
__Ludata_bank12                  udata_bank12 000000
__Ludata_bank14                  udata_bank14 000000
__Ludata_bank2                   udata_bank2  000000
__Ludata_bank3                   udata_bank3  000000
__Ludata_bank4                   udata_bank4  000000
__Ludata_bank5                   udata_bank5  000000
__Ludata_bank6                   udata_bank6  000000
__Ludata_bank7                   udata_bank7  000000
__Ludata_bank8                   udata_bank8  000000
__Ludata_bank9                   udata_bank9  000000
__S0                             (abs)        0015D0
__S1                             (abs)        000083
__S3                             (abs)        000000
__S5                             (abs)        000000
___heap_hi                       (abs)        000000
___heap_lo                       (abs)        000000
___inthi_sp                      stack        000000
___intlo_sp                      stack        000000
___param_bank                    (abs)        000000
___rparam_used                   (abs)        000001
___sp                            stack        000000
__accesstop                      (abs)        000060
__activetblptr                   (abs)        000001
__end_of__initialization         cinit        0014FE
__end_of_fputc                   text4        00124C
__end_of_getch                   text13       0015D0
__end_of_main                    text0        001446
__end_of_printf                  text1        001532
__end_of_putch                   text5        001558
__end_of_putchar                 text10       0015BA
__end_of_show_adc_result         text6        0010FA
__end_of_vfpfcnvrt               text3        001366
__end_of_vfprintf                text2        001494
__end_ofi1_fputc                 text11       0012E8
__end_ofi1_printf                text7        00157E
__end_ofi1_putch                 text12       0015A4
__end_ofi1_vfpfcnvrt             text9        0013E4
__end_ofi1_vfprintf              text8        0014E2
__initialization                 cinit        0014E2
__mediumconst                    mediumconst  000000
__pbssBANK0                      bssBANK0     000060
__pbssCOMRAM                     bssCOMRAM    00003B
__pcinit                         cinit        0014E2
__pcstackBANK0                   cstackBANK0  000080
__pcstackCOMRAM                  cstackCOMRAM 000001
__psmallconst                    smallconst   001000
__ptext0                         text0        0013E4
__ptext1                         text1        00150C
__ptext10                        text10       0015A4
__ptext11                        text11       00124C
__ptext12                        text12       00157E
__ptext13                        text13       0015CA
__ptext2                         text2        001446
__ptext3                         text3        0012E8
__ptext4                         text4        0011B0
__ptext5                         text5        001532
__ptext6                         text6        001036
__ptext7                         text7        001558
__ptext8                         text8        001494
__ptext9                         text9        001366
__ramtop                         ramtop       001000
__smallconst                     smallconst   001000
_adc_result                      bssCOMRAM    000040
_comutar                         bssCOMRAM    000041
_config                          text0        0010FA
_flags                           bssCOMRAM    00003F
_fputc                           text4        0011B0
_get_char                        bssCOMRAM    000042
_getch                           text13       0015CA
_int_handler                     intcode      000008
_main                            text0        0013E4
_pass_variable_between_C_and_ASM text3        0015BA
_prec                            bssCOMRAM    00003D
_printf                          text1        00150C
_putch                           text5        001532
_putchar                         text10       0015A4
_show_adc_result                 text6        001036
_var_global                      bssCOMRAM    000043
_vfpfcnvrt                       text3        0012E8
_vfprintf                        text2        001446
_width                           bssCOMRAM    00003B
end_of_initialization            cinit        0014FE
fputc@c                          cstackCOMRAM 00001E
fputc@fp                         cstackCOMRAM 000020
i1_fputc                         text11       00124C
i1_printf                        text7        001558
i1_putch                         text12       00157E
i1_vfpfcnvrt                     text9        001366
i1_vfprintf                      text8        001494
i1fputc@c                        cstackCOMRAM 000002
i1fputc@fp                       cstackCOMRAM 000004
i1printf@ap                      cstackCOMRAM 00001B
i1printf@fmt                     cstackCOMRAM 000019
i1putch@byte                     cstackCOMRAM 000001
i1vfpfcnvrt@ap                   cstackCOMRAM 00000F
i1vfpfcnvrt@fmt                  cstackCOMRAM 00000D
i1vfpfcnvrt@fp                   cstackCOMRAM 00000B
i1vfprintf@ap                    cstackCOMRAM 000015
i1vfprintf@cfmt                  cstackCOMRAM 000017
i1vfprintf@fmt                   cstackCOMRAM 000013
i1vfprintf@fp                    cstackCOMRAM 000011
intlevel0                        text         000000
intlevel1                        text         000000
intlevel2                        text         000000
intlevel3                        text         000000
isa$std                          (abs)        000001
isa$xinst                        (abs)        000000
main@j                           cstackBANK0  000080
main@result                      cstackBANK0  000082
printf@ap                        cstackCOMRAM 000037
printf@fmt                       cstackCOMRAM 000035
putch@byte                       cstackCOMRAM 00001D
putchar@c                        cstackCOMRAM 00000B
stackhi                          (abs)        000000
stacklo                          (abs)        000000
start                            init         00003E
start_initialization             cinit        0014E2
vfpfcnvrt@ap                     cstackCOMRAM 00002B
vfpfcnvrt@fmt                    cstackCOMRAM 000029
vfpfcnvrt@fp                     cstackCOMRAM 000027
vfprintf@ap                      cstackCOMRAM 000031
vfprintf@cfmt                    cstackCOMRAM 000033
vfprintf@fmt                     cstackCOMRAM 00002F
vfprintf@fp                      cstackCOMRAM 00002D


MODULE INFORMATION

Module		Function		Class		Link	Load	Size
/opt/microchip/xc8/v2.40/pic/sources/c99/common/putchar.c
		_putchar       		CODE           	15A4	0000	22

/opt/microchip/xc8/v2.40/pic/sources/c99/common/putchar.c estimated size: 22

/opt/microchip/xc8/v2.40/pic/sources/c99/common/doprnt.c
		_vfpfcnvrt     		CODE           	12E8	0000	126
		_vfprintf      		CODE           	1446	0000	78

/opt/microchip/xc8/v2.40/pic/sources/c99/common/doprnt.c estimated size: 204

shared
		i1_printf      		CODE           	1558	0000	38
		i1_vfpfcnvrt   		CODE           	1366	0000	126
		i1_putch       		CODE           	157E	0000	38
		i1_vfprintf    		CODE           	1494	0000	78
		__initialization		CODE           	14E2	0000	28
		i1_fputc       		CODE           	124C	0000	156

shared estimated size: 464

/opt/microchip/xc8/v2.40/pic/sources/c99/common/nf_fputc.c
		_fputc         		CODE           	11B0	0000	156

/opt/microchip/xc8/v2.40/pic/sources/c99/common/nf_fputc.c estimated size: 156

/opt/microchip/xc8/v2.40/pic/sources/c99/common/printf.c
		_printf        		CODE           	150C	0000	38

/opt/microchip/xc8/v2.40/pic/sources/c99/common/printf.c estimated size: 38

main.c
		_putch         		CODE           	1532	0000	38
		_main          		CODE           	13E4	0000	98
		_show_adc_result		CODE           	1036	0000	196
		_getch         		CODE           	15CA	0000	6

main.c estimated size: 338

