Microchip MPLAB XC8 Compiler V2.40

Linker command line:

-W-3 --edf=/opt/microchip/xc8/v2.40/pic/dat/20220703182018_en.msgs -cn \
  -h+dist/default/production/Futuro_Codigo_Final.production.sym \
  --cmf=dist/default/production/Futuro_Codigo_Final.production.cmf -z \
  -Q18F47Q10 -o/tmp/xcXMIHBFL --defsym=__MPLAB_BUILD=1 \
  --fixupoverflow=error \
  -Mdist/default/production/Futuro_Codigo_Final.production.map \
  --md=/tmp/xcXehhidN.dat -E1 -ver=XC8 Compiler --acfsm=1493 \
  -ACODE=00h-01FFFFh -ACONST=00h-01FFFFh -ASMALLCONST=01000h-010FFhx496 \
  -AMEDIUMCONST=01000h-0FFFFh,011000h-01FFFFh -ACOMRAM=01h-05Fh \
  -AABS1=00h-0CFFh,0E00h-0E1Eh -ABIGRAM=01h-0CFFh,0E00h-0E1Eh \
  -ARAM=060h-0FFh,0100h-01FFhx12,0E00h-0E1Eh -ABANK0=060h-0FFh \
  -ABANK1=0100h-01FFh -ABANK2=0200h-02FFh -ABANK3=0300h-03FFh \
  -ABANK4=0400h-04FFh -ABANK5=0500h-05FFh -ABANK6=0600h-06FFh \
  -ABANK7=0700h-07FFh -ABANK8=0800h-08FFh -ABANK9=0900h-09FFh \
  -ABANK10=0A00h-0AFFh -ABANK11=0B00h-0BFFh -ABANK12=0C00h-0CFFh \
  -ABANK14=0E00h-0E1Eh \
  -ASFR=0D00h-0DFFh,0E1Fh-0EFFh,0F00h-0F5Fh,0F60h-0FFFh \
  -ABIGSFR=0D00h-0DFFh,0E1Fh-0FFFh -AIDLOC=0200000h-02000FFh \
  -AEEDATA=0310000h-03103FFh -peeprom_data=EEDATA \
  -preset_vec=00h,intcode=08h,intcodelo,powerup,init -pramtop=01000h \
  -psmallconst=SMALLCONST -pmediumconst=MEDIUMCONST -pconst=CONST \
  -AFARRAM=00h-00h \
  -prdata=COMRAM,nvrram=COMRAM,nvbit=COMRAM,rbss=COMRAM,rbit=COMRAM \
  -pfarbss=FARRAM,fardata=FARRAM,nvFARRAM=FARRAM \
  -pintsave_regs=BIGRAM,bigbss=BIGRAM,bigdata=BIGRAM -pbss=RAM \
  -pidata=CODE,irdata=CODE,ibigdata=CODE,ifardata=CODE -prparam=COMRAM \
  /tmp/xcXKPfHBE.o dist/default/production/Futuro_Codigo_Final.production.o \
  build/default/production/config.o \
  build/default/production/interrupt_handler.o \
  build/default/production/pass_variable_between_C_and_ASM.o 

Object code version is 3.11

Machine type is 18F47Q10



                Name                               Link     Load   Length Selector   Space Scale
/tmp/xcXKPfHBE.o
                idloc                            200000   200000      100        0       5
                config                           300000   300000        C        0       4
                init                                 32       32        4        4       0
                reset_vec                             0        0        4        0       0
dist/default/production/Futuro_Codigo_Final.production.o
                idloc                            200000   200000      100        0       5
                config                           300000   300000        C        0       4
                smallconst                         1000     1000       46      800       0
                text15                             24B0     24B0       26      823       0
                text14                             1E40     1E40       C2      823       0
                text13                             2402     2402       30      823       0
                text12                             1046     1046      8A6      823       0
                text11                             206A     206A       A8      823       0
                text10                             1D2C     1D2C      114      823       0
                text9                              24D6     24D6       1A      823       0
                text8                              23B0     23B0       52      823       0
                text7                              224C     224C       90      823       0
                text6                              18EC     18EC      440      823       0
                text5                              2488     2488       28      823       0
                text4                              21B4     21B4       98      823       0
                text3                              22DC     22DC       82      823       0
                text2                              235E     235E       52      823       0
                text1                              2460     2460       28      823       0
                text0                              1FB8     1FB8       B2      823       0
                cstackCOMRAM                          1        1       44        1       1
                cstackBANK0                          60       60       40       60       1
                bssBANK2                            200      200       E8      200       1
                dataBANK1                           1E6      1E6        C      100       1
                bssBANK1                            100      100       E6      100       1
                dataBANK0                            A0       A0       2E       60       1
                bssBANK0                             CE       CE       2B       60       1
                dataCOMRAM                           45       45        C        1       1
                bssCOMRAM                            51       51        8        1       1
                cinit                              2112     2112       A2      823       0
                idataBANK1                         250C     250C        C      823       0
                idataBANK0                         2432     2432       2E      823       0
                idataCOMRAM                        2500     2500        C      823       0
build/default/production/config.o
                config                           300000   300000        C        0       4
                text0                              1F02     1F02       B6      823       0
build/default/production/interrupt_handler.o
                intcode                               8        8       2A        4       0
build/default/production/pass_variable_between_C_and_ASM.o
                text3                              24F0     24F0       10      823       0

TOTAL           Name                               Link     Load   Length     Space
        CLASS   CODE           
                intcode                               8        8       2A         0
                init                                 32       32        4         0
                reset_vec                             0        0        4         0
                text15                             24B0     24B0       26         0
                text14                             1E40     1E40       C2         0
                text13                             2402     2402       30         0
                text12                             1046     1046      8A6         0
                text11                             206A     206A       A8         0
                text10                             1D2C     1D2C      114         0
                text9                              24D6     24D6       1A         0
                text8                              23B0     23B0       52         0
                text7                              224C     224C       90         0
                text6                              18EC     18EC      440         0
                text5                              2488     2488       28         0
                text4                              21B4     21B4       98         0
                text3                              22DC     22DC       82         0
                text2                              235E     235E       52         0
                text1                              2460     2460       28         0
                text0                              1FB8     1FB8       B2         0
                cinit                              2112     2112       A2         0
                idataBANK1                         250C     250C        C         0
                idataBANK0                         2432     2432       2E         0
                idataCOMRAM                        2500     2500        C         0
                text0                              1F02     1F02       B6         0
                text3                              24F0     24F0       10         0

        CLASS   CONST          

        CLASS   SMALLCONST     
                smallconst                         1000     1000       46         0

        CLASS   MEDIUMCONST    

        CLASS   COMRAM         
                cstackCOMRAM                          1        1       44         1
                dataCOMRAM                           45       45        C         1
                bssCOMRAM                            51       51        8         1

        CLASS   ABS1           

        CLASS   BIGRAM         

        CLASS   RAM            

        CLASS   BANK0          
                cstackBANK0                          60       60       40         1
                dataBANK0                            A0       A0       2E         1
                bssBANK0                             CE       CE       2B         1

        CLASS   BANK1          
                dataBANK1                           1E6      1E6        C         1
                bssBANK1                            100      100       E6         1

        CLASS   BANK2          
                bssBANK2                            200      200       E8         1

        CLASS   BANK3          

        CLASS   BANK4          

        CLASS   BANK5          

        CLASS   BANK6          

        CLASS   BANK7          

        CLASS   BANK8          

        CLASS   BANK9          

        CLASS   BANK10         

        CLASS   BANK11         

        CLASS   BANK12         

        CLASS   BANK14         

        CLASS   SFR            

        CLASS   BIGSFR         

        CLASS   IDLOC          
                idloc                            200000   200000      100         5

        CLASS   EEDATA         

        CLASS   FARRAM         

        CLASS   HEAP           

        CLASS   STACK          

        CLASS   CONFIG         
                config                           300000   300000        C         4



SEGMENTS        Name                           Load    Length   Top    Selector   Space  Class

                reset_vec                      000000  000004  000004         0       0  CODE    
                bssBANK2                       000200  0000E8  0002E8       200       1  BANK2   
                text12                         001046  0014D2  002518       823       0  CODE    
                bssBANK1                       000100  0000F2  0001F2       100       1  BANK1   
                cstackBANK0                    000060  000099  0000F9        60       1  BANK0   
                intcode                        000008  00002E  000036         4       0  CODE    
                cstackCOMRAM                   000001  000058  000059         1       1  COMRAM  
                smallconst                     001000  000046  001046       800       0  SMALLCON


UNUSED ADDRESS RANGES

        Name                Unused          Largest block    Delta
        BANK0            0000F9-0000FF                7
        BANK1            0001F2-0001FF                E
        BANK10           000A00-000AFF              100
        BANK11           000B00-000BFF              100
        BANK12           000C00-000CFF              100
        BANK14           000E00-000E1E               1F
        BANK2            0002E8-0002FF               18
        BANK3            000300-0003FF              100
        BANK4            000400-0004FF              100
        BANK5            000500-0005FF              100
        BANK6            000600-0006FF              100
        BANK7            000700-0007FF              100
        BANK8            000800-0008FF              100
        BANK9            000900-0009FF              100
        BIGRAM           000059-00005F                7
                         0000F9-0000FF                7
                         0001F2-0001FF                E
                         0002E8-000CFF              A18
                         000E00-000E1E               1F
        BIGSFR           000D00-000DFF              100
                         000E1F-000FFF              1E1
        CODE             000004-000007                4
                         000036-000FFF              FCA
                         002518-01FFFF            1DAE8
        COMRAM           000059-00005F                7
        CONST            000004-000007                4
                         000036-000FFF              FCA
                         002518-01FFFF            1DAE8
        EEDATA           310000-3103FF              400
        MEDIUMCONST      002518-00FFFF             DAE8
                         011000-01FFFF             F000
        RAM              0000F9-0000FF                7
                         0001F2-0001FF                E
                         0002E8-000CFF              100
                         000E00-000E1E               1F
        SFR              000D00-000DFF              100
                         000E1F-000FFF               E1
        SMALLCONST       002518-01FFFF              100

                                  Symbol Table

?_printf                         cstackBANK0  000078
?_vfprintf                       cstackBANK0  000070
_ADCON0bits                      (abs)        000F5B
_ADPCH                           (abs)        000F5A
_ADRESL                          (abs)        000F5E
_METATED                         bssBANK1     0001D0
_PIR1bits                        (abs)        000EC6
_PIR3bits                        (abs)        000EC8
_RC1REG                          (abs)        000F98
_TCTEDS1                         bssBANK0     0000D5
_TCTEDS2                         bssBANK1     0001AC
_TCTEDS3                         bssBANK1     000188
_TCTEDS4                         bssBANK1     000164
_TX1REG                          (abs)        000F99
__HRAM                           (abs)        000000
__Habs1                          abs1         000000
__Hbank0                         bank0        000000
__Hbank1                         bank1        000000
__Hbank10                        bank10       000000
__Hbank11                        bank11       000000
__Hbank12                        bank12       000000
__Hbank14                        bank14       000000
__Hbank2                         bank2        000000
__Hbank3                         bank3        000000
__Hbank4                         bank4        000000
__Hbank5                         bank5        000000
__Hbank6                         bank6        000000
__Hbank7                         bank7        000000
__Hbank8                         bank8        000000
__Hbank9                         bank9        000000
__Hbigbss                        bigbss       000000
__Hbigdata                       bigdata      000000
__Hbigram                        bigram       000000
__Hbigsfr                        bigsfr       000000
__Hbss                           bss          000000
__HbssBANK0                      bssBANK0     000000
__HbssBANK1                      bssBANK1     000000
__HbssBANK2                      bssBANK2     000000
__HbssCOMRAM                     bssCOMRAM    000000
__Hcinit                         cinit        000000
__Hclrtext                       clrtext      000000
__Hcode                          code         000000
__Hcomram                        comram       000000
__Hconfig                        config       30000C
__Hconst                         const        000000
__HcstackBANK0                   cstackBANK0  000000
__HcstackCOMRAM                  cstackCOMRAM 000000
__Hdata                          data         000000
__HdataBANK0                     dataBANK0    000000
__HdataBANK1                     dataBANK1    000000
__HdataCOMRAM                    dataCOMRAM   000000
__Hedata                         edata        000000
__Heeprom_data                   eeprom_data  000000
__Hfarbss                        farbss       000000
__Hfardata                       fardata      000000
__Hheap                          heap         000000
__Hibigdata                      ibigdata     000000
__Hidata                         idata        000000
__HidataBANK0                    idataBANK0   000000
__HidataBANK1                    idataBANK1   000000
__HidataCOMRAM                   idataCOMRAM  000000
__Hidloc                         idloc        200100
__Hifardata                      ifardata     000000
__Hinit                          init         000036
__Hintcode                       intcode      000032
__Hintcode_body                  intcode_body 000000
__Hintcodelo                     intcodelo    000032
__Hintentry                      intentry     000000
__Hintret                        intret       000000
__Hintsave_regs                  intsave_regs 000000
__Hirdata                        irdata       000000
__Hmediumconst                   mediumconst  000000
__HnvFARRAM                      nvFARRAM     000000
__Hnvbit                         nvbit        000000
__Hnvrram                        nvrram       000000
__Hparam                         rparam       000000
__Hpowerup                       powerup      000032
__Hram                           ram          000000
__Hramtop                        ramtop       001000
__Hrbit                          rbit         000000
__Hrbss                          rbss         000000
__Hrdata                         rdata        000000
__Hreset_vec                     reset_vec    000004
__Hrparam                        rparam       000000
__Hsfr                           sfr          000000
__Hsmallconst                    smallconst   001046
__Hspace_0                       (abs)        002518
__Hspace_1                       (abs)        0002E8
__Hspace_2                       (abs)        000000
__Hspace_3                       (abs)        000000
__Hspace_4                       (abs)        60000C
__Hstack                         stack        000000
__Hstruct                        struct       000000
__Htemp                          temp         000000
__Htext                          text         000000
__Htext0                         text0        000000
__Htext1                         text1        000000
__Htext10                        text10       000000
__Htext11                        text11       000000
__Htext12                        text12       000000
__Htext13                        text13       000000
__Htext14                        text14       000000
__Htext15                        text15       000000
__Htext2                         text2        000000
__Htext3                         text3        000000
__Htext4                         text4        000000
__Htext5                         text5        000000
__Htext6                         text6        000000
__Htext7                         text7        000000
__Htext8                         text8        000000
__Htext9                         text9        000000
__Hudata                         udata        000000
__Hudata_acs                     udata_acs    000000
__Hudata_bank0                   udata_bank0  000000
__Hudata_bank1                   udata_bank1  000000
__Hudata_bank10                  udata_bank10 000000
__Hudata_bank11                  udata_bank11 000000
__Hudata_bank12                  udata_bank12 000000
__Hudata_bank14                  udata_bank14 000000
__Hudata_bank2                   udata_bank2  000000
__Hudata_bank3                   udata_bank3  000000
__Hudata_bank4                   udata_bank4  000000
__Hudata_bank5                   udata_bank5  000000
__Hudata_bank6                   udata_bank6  000000
__Hudata_bank7                   udata_bank7  000000
__Hudata_bank8                   udata_bank8  000000
__Hudata_bank9                   udata_bank9  000000
__LRAM                           (abs)        000001
__Labs1                          abs1         000000
__Lbank0                         bank0        000000
__Lbank1                         bank1        000000
__Lbank10                        bank10       000000
__Lbank11                        bank11       000000
__Lbank12                        bank12       000000
__Lbank14                        bank14       000000
__Lbank2                         bank2        000000
__Lbank3                         bank3        000000
__Lbank4                         bank4        000000
__Lbank5                         bank5        000000
__Lbank6                         bank6        000000
__Lbank7                         bank7        000000
__Lbank8                         bank8        000000
__Lbank9                         bank9        000000
__Lbigbss                        bigbss       000000
__Lbigdata                       bigdata      000000
__Lbigram                        bigram       000000
__Lbigsfr                        bigsfr       000000
__Lbss                           bss          000000
__LbssBANK0                      bssBANK0     000000
__LbssBANK1                      bssBANK1     000000
__LbssBANK2                      bssBANK2     000000
__LbssCOMRAM                     bssCOMRAM    000000
__Lcinit                         cinit        000000
__Lclrtext                       clrtext      000000
__Lcode                          code         000000
__Lcomram                        comram       000000
__Lconfig                        config       000000
__Lconst                         const        000000
__LcstackBANK0                   cstackBANK0  000000
__LcstackCOMRAM                  cstackCOMRAM 000000
__Ldata                          data         000000
__LdataBANK0                     dataBANK0    000000
__LdataBANK1                     dataBANK1    000000
__LdataCOMRAM                    dataCOMRAM   000000
__Ledata                         edata        000000
__Leeprom_data                   eeprom_data  000000
__Lfarbss                        farbss       000000
__Lfardata                       fardata      000000
__Lheap                          heap         000000
__Libigdata                      ibigdata     000000
__Lidata                         idata        000000
__LidataBANK0                    idataBANK0   000000
__LidataBANK1                    idataBANK1   000000
__LidataCOMRAM                   idataCOMRAM  000000
__Lidloc                         idloc        000000
__Lifardata                      ifardata     000000
__Linit                          init         000032
__Lintcode                       intcode      000008
__Lintcode_body                  intcode_body 000000
__Lintcodelo                     intcodelo    000032
__Lintentry                      intentry     000000
__Lintret                        intret       000000
__Lintsave_regs                  intsave_regs 000000
__Lirdata                        irdata       000000
__Lmediumconst                   mediumconst  000000
__LnvFARRAM                      nvFARRAM     000000
__Lnvbit                         nvbit        000000
__Lnvrram                        nvrram       000000
__Lparam                         rparam       000000
__Lpowerup                       powerup      000032
__Lram                           ram          000000
__Lramtop                        ramtop       001000
__Lrbit                          rbit         000000
__Lrbss                          rbss         000000
__Lrdata                         rdata        000000
__Lreset_vec                     reset_vec    000000
__Lrparam                        rparam       000000
__Lsfr                           sfr          000000
__Lsmallconst                    smallconst   001000
__Lspace_0                       (abs)        000000
__Lspace_1                       (abs)        000000
__Lspace_2                       (abs)        000000
__Lspace_3                       (abs)        000000
__Lspace_4                       (abs)        000000
__Lstack                         stack        000000
__Lstruct                        struct       000000
__Ltemp                          temp         000000
__Ltext                          text         000000
__Ltext0                         text0        000000
__Ltext1                         text1        000000
__Ltext10                        text10       000000
__Ltext11                        text11       000000
__Ltext12                        text12       000000
__Ltext13                        text13       000000
__Ltext14                        text14       000000
__Ltext15                        text15       000000
__Ltext2                         text2        000000
__Ltext3                         text3        000000
__Ltext4                         text4        000000
__Ltext5                         text5        000000
__Ltext6                         text6        000000
__Ltext7                         text7        000000
__Ltext8                         text8        000000
__Ltext9                         text9        000000
__Ludata                         udata        000000
__Ludata_acs                     udata_acs    000000
__Ludata_bank0                   udata_bank0  000000
__Ludata_bank1                   udata_bank1  000000
__Ludata_bank10                  udata_bank10 000000
__Ludata_bank11                  udata_bank11 000000
__Ludata_bank12                  udata_bank12 000000
__Ludata_bank14                  udata_bank14 000000
__Ludata_bank2                   udata_bank2  000000
__Ludata_bank3                   udata_bank3  000000
__Ludata_bank4                   udata_bank4  000000
__Ludata_bank5                   udata_bank5  000000
__Ludata_bank6                   udata_bank6  000000
__Ludata_bank7                   udata_bank7  000000
__Ludata_bank8                   udata_bank8  000000
__Ludata_bank9                   udata_bank9  000000
__S0                             (abs)        002518
__S1                             (abs)        0002E8
__S3                             (abs)        000000
__S5                             (abs)        000000
___heap_hi                       (abs)        000000
___heap_lo                       (abs)        000000
___inthi_sp                      stack        000000
___intlo_sp                      stack        000000
___param_bank                    (abs)        000000
___rparam_used                   (abs)        000001
___sp                            stack        000000
__accesstop                      (abs)        000060
__activetblptr                   (abs)        000001
__end_of__initialization         cinit        0021A6
__end_of_add_to_receiv_buff      text9        0024F0
__end_of_define_METATEDS         text7        0022DC
__end_of_define_TCTEDS           text6        001D2C
__end_of_fputc                   text4        00224C
__end_of_identify_NCAP_cmd       text10       001E40
__end_of_main                    text0        00206A
__end_of_memcpy                  text8        002402
__end_of_printf                  text1        002488
__end_of_putch                   text5        0024B0
__end_of_send_METATEDS           text14       001F02
__end_of_send_TCTEDS             text12       0018EC
__end_of_send_data               text11       002112
__end_of_send_error              text13       002432
__end_of_vfpfcnvrt               text3        00235E
__end_of_vfprintf                text2        0023B0
__end_ofi1_putch                 text15       0024D6
__initialization                 cinit        002112
__mediumconst                    mediumconst  000000
__pbssBANK0                      bssBANK0     0000CE
__pbssBANK1                      bssBANK1     000100
__pbssBANK2                      bssBANK2     000200
__pbssCOMRAM                     bssCOMRAM    000051
__pcinit                         cinit        002112
__pcstackBANK0                   cstackBANK0  000060
__pcstackCOMRAM                  cstackCOMRAM 000001
__pdataBANK0                     dataBANK0    0000A0
__pdataBANK1                     dataBANK1    0001E6
__pdataCOMRAM                    dataCOMRAM   000045
__pidataBANK0                    idataBANK0   002432
__pidataBANK1                    idataBANK1   00250C
__pidataCOMRAM                   idataCOMRAM  002500
__psmallconst                    smallconst   001000
__ptext0                         text0        001FB8
__ptext1                         text1        002460
__ptext10                        text10       001D2C
__ptext11                        text11       00206A
__ptext12                        text12       001046
__ptext13                        text13       002402
__ptext14                        text14       001E40
__ptext15                        text15       0024B0
__ptext2                         text2        00235E
__ptext3                         text3        0022DC
__ptext4                         text4        0021B4
__ptext5                         text5        002488
__ptext6                         text6        0018EC
__ptext7                         text7        00224C
__ptext8                         text8        0023B0
__ptext9                         text9        0024D6
__ramtop                         ramtop       001000
__smallconst                     smallconst   001000
_adc_buffer                      bssBANK2     000200
_adc_head                        bssCOMRAM    000051
_adc_result                      bssCOMRAM    000057
_add_to_receiv_buff              text9        0024D6
_comutar                         bssCOMRAM    000058
_config                          text0        001F02
_define_METATEDS                 text7        00224C
_define_TCTEDS                   text6        0018EC
_flags                           bssBANK0     0000D2
_fputc                           text4        0021B4
_get_char                        bssBANK0     0000D3
_identify_NCAP_cmd               text10       001D2C
_int_handler                     intcode      000008
_main                            text0        001FB8
_memcpy                          text8        0023B0
_pass_variable_between_C_and_ASM text3        0024F0
_prec                            bssBANK0     0000D0
_printf                          text1        002460
_putch                           text5        002488
_rec_buffer                      bssBANK1     000100
_rec_head                        bssCOMRAM    000055
_send_METATEDS                   text14       001E40
_send_TCTEDS                     text12       001046
_send_data                       text11       00206A
_send_error                      text13       002402
_sent_buffer                     bssBANK2     000264
_sent_head                       bssCOMRAM    000053
_var_global                      bssBANK0     0000D4
_vfpfcnvrt                       text3        0022DC
_vfprintf                        text2        00235E
_width                           bssBANK0     0000CE
define_METATEDS@F13225           dataBANK0    0000B2
define_METATEDS@F13227           dataBANK0    0000A0
define_METATEDS@F13229           dataBANK0    0000B8
define_METATEDS@array1           cstackBANK0  000077
define_METATEDS@array2           cstackBANK0  00006B
define_METATEDS@array3           cstackBANK0  00007D
define_TCTEDS@F13232             dataBANK0    0000AC
define_TCTEDS@F13234             dataBANK0    0000CB
define_TCTEDS@F13236             dataCOMRAM   000045
define_TCTEDS@F13238             dataBANK0    0000C8
define_TCTEDS@F13240             dataBANK0    0000C5
define_TCTEDS@F13242             dataBANK0    0000C2
define_TCTEDS@F13244             dataBANK0    0000BF
define_TCTEDS@F13246             dataBANK0    0000BC
define_TCTEDS@F13248             dataBANK1    0001E6
define_TCTEDS@array1             cstackBANK0  000083
define_TCTEDS@array2             cstackBANK0  000089
define_TCTEDS@array3             cstackBANK0  00006B
define_TCTEDS@array4             cstackBANK0  00008C
define_TCTEDS@array5             cstackBANK0  00008F
define_TCTEDS@array6             cstackBANK0  000092
define_TCTEDS@array7             cstackBANK0  000095
define_TCTEDS@array8             cstackBANK0  000098
define_TCTEDS@array9             cstackBANK0  000077
end_of_initialization            cinit        0021A6
fputc@c                          cstackBANK0  000061
fputc@fp                         cstackBANK0  000063
i1_putch                         text15       0024B0
i1putch@byte                     cstackCOMRAM 000001
intlevel0                        text         000000
intlevel1                        text         000000
intlevel2                        text         000000
intlevel3                        text         000000
isa$std                          (abs)        000001
isa$xinst                        (abs)        000000
main@j                           cstackBANK0  00009D
main@result                      cstackBANK0  00009F
memcpy@d                         cstackBANK0  000066
memcpy@d1                        cstackBANK0  000060
memcpy@n                         cstackBANK0  000064
memcpy@s                         cstackBANK0  000068
memcpy@s1                        cstackBANK0  000062
memcpy@tmp                       cstackBANK0  00006A
printf@ap                        cstackBANK0  00007A
printf@fmt                       cstackBANK0  000078
putch@byte                       cstackBANK0  000060
send_METATEDS@i                  cstackCOMRAM 000002
send_METATEDS@j                  cstackCOMRAM 000004
send_METATEDS@k                  cstackCOMRAM 000006
send_TCTEDS@channel              cstackCOMRAM 000044
send_TCTEDS@i                    cstackCOMRAM 000004
send_TCTEDS@i_311                cstackCOMRAM 000006
send_TCTEDS@i_312                cstackCOMRAM 000008
send_TCTEDS@i_313                cstackCOMRAM 00000A
send_TCTEDS@i_314                cstackCOMRAM 00000C
send_TCTEDS@i_315                cstackCOMRAM 00000E
send_TCTEDS@i_316                cstackCOMRAM 000010
send_TCTEDS@i_317                cstackCOMRAM 000012
send_TCTEDS@i_318                cstackCOMRAM 000014
send_TCTEDS@i_319                cstackCOMRAM 000016
send_TCTEDS@i_320                cstackCOMRAM 000018
send_TCTEDS@i_321                cstackCOMRAM 00001A
send_TCTEDS@i_322                cstackCOMRAM 00001C
send_TCTEDS@i_323                cstackCOMRAM 00001E
send_TCTEDS@i_324                cstackCOMRAM 000020
send_TCTEDS@i_325                cstackCOMRAM 000022
send_TCTEDS@i_326                cstackCOMRAM 000024
send_TCTEDS@i_327                cstackCOMRAM 000026
send_TCTEDS@i_328                cstackCOMRAM 000028
send_TCTEDS@i_329                cstackCOMRAM 00002A
send_TCTEDS@i_330                cstackCOMRAM 00002C
send_TCTEDS@i_331                cstackCOMRAM 00002E
send_TCTEDS@i_332                cstackCOMRAM 000030
send_TCTEDS@i_333                cstackCOMRAM 000032
send_TCTEDS@i_334                cstackCOMRAM 000034
send_TCTEDS@i_335                cstackCOMRAM 000036
send_TCTEDS@i_336                cstackCOMRAM 000038
send_TCTEDS@i_337                cstackCOMRAM 00003A
send_TCTEDS@i_338                cstackCOMRAM 00003C
send_TCTEDS@i_339                cstackCOMRAM 00003E
send_TCTEDS@i_340                cstackCOMRAM 000040
send_TCTEDS@i_341                cstackCOMRAM 000042
send_data@channel                cstackCOMRAM 000004
send_error@i                     cstackCOMRAM 000002
stackhi                          (abs)        000000
stacklo                          (abs)        000000
start                            init         000032
start_initialization             cinit        002112
vfpfcnvrt@ap                     cstackBANK0  00006E
vfpfcnvrt@fmt                    cstackBANK0  00006C
vfpfcnvrt@fp                     cstackBANK0  00006A
vfprintf@ap                      cstackBANK0  000074
vfprintf@cfmt                    cstackBANK0  000076
vfprintf@fmt                     cstackBANK0  000072
vfprintf@fp                      cstackBANK0  000070


MODULE INFORMATION

Module		Function		Class		Link	Load	Size
/opt/microchip/xc8/v2.40/pic/sources/c99/common/doprnt.c
		_vfpfcnvrt     		CODE           	22DC	0000	130
		_vfprintf      		CODE           	235E	0000	82

/opt/microchip/xc8/v2.40/pic/sources/c99/common/doprnt.c estimated size: 212

/opt/microchip/xc8/v2.40/pic/sources/c99/common/memcpy.c
		_memcpy        		CODE           	23B0	0000	82

/opt/microchip/xc8/v2.40/pic/sources/c99/common/memcpy.c estimated size: 82

shared
		i1_putch       		CODE           	24B0	0000	38
		__initialization		CODE           	2112	0000	148

shared estimated size: 186

/opt/microchip/xc8/v2.40/pic/sources/c99/common/nf_fputc.c
		_fputc         		CODE           	21B4	0000	152

/opt/microchip/xc8/v2.40/pic/sources/c99/common/nf_fputc.c estimated size: 152

/opt/microchip/xc8/v2.40/pic/sources/c99/common/printf.c
		_printf        		CODE           	2460	0000	40

/opt/microchip/xc8/v2.40/pic/sources/c99/common/printf.c estimated size: 40

main.c
		_send_TCTEDS   		CODE           	1046	0000	2214
		_define_METATEDS		CODE           	224C	0000	144
		_putch         		CODE           	2488	0000	40
		_send_METATEDS 		CODE           	1E40	0000	194
		_send_data     		CODE           	206A	0000	168
		_main          		CODE           	1FB8	0000	178
		_send_error    		CODE           	2402	0000	48
		_identify_NCAP_cmd		CODE           	1D2C	0000	276
		_add_to_receiv_buff		CODE           	24D6	0000	26
		_define_TCTEDS 		CODE           	18EC	0000	1088

main.c estimated size: 4376

